
--- Run started: 2026-05-09T20:40:37.050Z ---
Sandcastle Run
  Agent: merger
  Sandbox: docker
  Max iterations: 1
  Branch: main
Iteration 1/1
Setting up sandbox
  test -f package.json && npm install || echo 'no package.json yet, skipping install'
Setting up sandbox done (0.1s)
Agent started
I’m going to merge `sandcastle/issue-20-repo-bootstrap-monorepo-scaffolding`, resolve any conflicts, run typecheck/tests, then commit and close issue `#20` with the exact command you provided. I’ll start by checking branch state and running the merge.
Bash(/bin/bash -lc 'git status --short --branch && git branch --all --no-color')
Bash(/bin/bash -lc 'git merge sandcastle/issue-20-repo-bootstrap-monorepo-scaffolding --no-edit')
Merge completed as a fast-forward with no conflicts. Next I’m running `npm run typecheck` and `npm run test`, then I’ll commit and close issue `#20`.
Bash(/bin/bash -lc 'npm run typecheck')
Bash(/bin/bash -lc 'npm run test')

--- Run started: 2026-05-09T20:41:11.612Z ---
Sandcastle Run
  Agent: merger
  Sandbox: docker
  Max iterations: 1
  Branch: main
Iteration 1/1
Setting up sandbox
Agent idle for 1 minute
  test -f package.json && npm install || echo 'no package.json yet, skipping install'
Setting up sandbox done (40.2s)
Agent started
I’m going to merge the requested branch, handle any conflicts, then run `npm run typecheck` and `npm run test`, fix anything failing, commit, and close issue `#20` with the provided command. I’ll start by checking repo status and performing the merge.
Bash(/bin/bash -lc 'git status --short && git branch --show-current && git branch --list')
Bash(/bin/bash -lc 'git merge sandcastle/issue-20-repo-bootstrap-monorepo-scaffolding --no-edit')
The merge fast-forwarded cleanly with no conflicts. Next I’ll run `npm run typecheck` and `npm run test`, then commit and close issue `#20`.
Bash(/bin/bash -lc 'npm run typecheck')
Bash(/bin/bash -lc 'npm run test')
I’m waiting for `typecheck` and `test` to finish, then I’ll confirm results and proceed with the final merge commit and issue close command.
Agent idle for 2 minutes
Typecheck and tests both passed. I’ll now create the required single commit for the merge result, then run the GitHub issue close command for `#20`, and finally confirm completion.
