
--- Run started: 2026-05-09T20:32:59.174Z ---
Sandcastle Run
  Agent: implementer-20
  Sandbox: docker
  Max iterations: 100
  Branch: sandcastle/issue-20-repo-bootstrap-monorepo-scaffolding
Iteration 1/100
Setting up sandbox
  test -f package.json && npm install || echo 'no package.json yet, skipping install'
Setting up sandbox done (0.1s)
Expanding shell expressions
  git log -n 10 --format="%H%n%ad%n%B---" --date=short → ~311 tokens
Expanding shell expressions done (0.0s)
Agent started
I’m starting by pulling issue `#20` and parent issue `#1`, then I’ll read `AGENTS.md` and `docs/PRD.md` to extract the exact contract and acceptance criteria before making any code changes.
Bash(/bin/bash -lc 'rg --files')
Bash(/bin/bash -lc 'ls -la')
Bash(/bin/bash -lc 'cat AGENTS.md')
I confirmed the repo is currently docs-only and `rg` is unavailable in this environment, so I’ll use `find`/`grep` alternatives and now fetch issue `#20`, issue `#1`, and the PRD documents.
Bash(/bin/bash -lc 'find . -maxdepth 4 -type f | sort')
Bash(/bin/bash -lc 'cat docs/PRD.md')
Bash(/bin/bash -lc 'gh issue view 20 --comments')
Bash(/bin/bash -lc 'gh issue view 1 --comments')
I have the canonical PRD loaded; next I’m fetching issue details again with stderr captured because `gh issue view` returned empty output, likely due formatting/auth context.
Bash(/bin/bash -lc 'cat docs/agents/domain.md')
Bash(/bin/bash -lc 'cat docs/agents/triage-labels.md')
Bash(/bin/bash -lc 'cat docs/agents/issue-tracker.md')
Bash(/bin/bash -lc 'gh issue view 20 --comments 2>&1')
Bash(/bin/bash -lc 'gh issue view 1 --comments 2>&1')
Bash(/bin/bash -lc 'git remote -v')
Bash(/bin/bash -lc 'gh --version')
Bash(/bin/bash -lc 'gh auth status 2>&1')
Bash(/bin/bash -lc 'gh issue view 20 --json number,title,body,labels,comments,url 2>&1')
Bash(/bin/bash -lc 'gh issue view 1 --json number,title,body,labels,comments,url 2>&1')
I now have the authoritative issue body for `#20` and parent context from `#1`; next I’ll switch to the requested branch and scaffold only what `#20` acceptance criteria requires.
Bash(/bin/bash -lc 'git status --short --branch')
Bash(/bin/bash -lc 'gh issue view 20 --comments --json number,title,body,comments,url')
Bash(/bin/bash -lc 'gh issue view 1 --comments --json number,title,body,comments,url')
I confirmed we’re already on the requested branch. I’ll now scaffold the monorepo structure and configs directly against the issue checklist, then run typecheck/tests using the scripts we define.
Bash(/bin/bash -lc 'find . -maxdepth 3 -type f | sort')
Bash(/bin/bash -lc 'supabase --version 2>&1 || true')
Bash(/bin/bash -lc 'pnpm --version 2>&1 || true')
Bash(/bin/bash -lc 'node --version 2>&1 || true')
I found two environment constraints: `pnpm` and `supabase` CLIs are not preinstalled. I’ll proceed by enabling pnpm via `corepack`, generating the monorepo files manually, and wiring Supabase through `npx supabase` plus env-driven link script so we stay within issue scope.

Plan:
1. Create root workspace/tooling: `package.json`, `pnpm-workspace.yaml`, shared `tsconfig` + shared ESLint flat config.
2. Scaffold `web` (Next.js + Tailwind), `mobile` (Expo/RN skeleton), and `supabase` (CLI-oriented package with functions/migrations dirs).
3. Initialize Supabase config and add env-driven link/start scripts.
4. Add PR CI workflow (`pnpm install` + `typecheck`) and update README with local setup + required env vars.
5. Install deps, run `npm run typecheck`, run `npm run test`, then commit with the required `RALPH:` format.
Bash(/bin/bash -lc 'npm --version 2>&1')
Bash(/bin/bash -lc 'corepack pnpm --version 2>&1')
Bash(/bin/bash -lc 'npx --yes supabase@latest --version 2>&1')
I’m now writing the scaffolding files: root workspace/tooling, `web` with Tailwind, `mobile` Expo skeleton, `supabase` CLI package/config, CI, and README/env docs aligned exactly to issue `#20`.
Agent idle for 1 minute
Bash(/bin/bash -lc "set -euo pipefail

mkdir -p .github/workflows web/app mobile supabase/functions supabase/migrations

cat > .gitignore <<'EOF'
node_modules
.pnpm-store
.next
.expo
.expo-shared
dist
coverage
.env
.env.local
supabase/.temp
EOF

cat > package.json <<'EOF'
{
  \"name\": \"diligence-os\",
  \"private\": true,
  \"version\": \"0.1.0\",
  \"packageManager\": \"pnpm@11.0.9\",
  \"scripts\": {
    \"typecheck\": \"pnpm -r --if-present typecheck\",
    \"test\": \"pnpm -r --if-present test\"
  },
  \"devDependencies\": {
    \"@eslint/js\": \""'^9.27.0",
    "@types/node": "''^22.15.21",
    "typescript": "''^5.8.3",
    "typescript-eslint": "''^8.32.1"
  }
}
EOF

cat > pnpm-workspace.yaml <<'"'EOF'
packages:
  - web
  - mobile
  - supabase
EOF

cat > tsconfig.base.json <<'EOF'
{
  \"compilerOptions\": {
    \"target\": \"ES2022\",
    \"module\": \"ESNext\",
    \"moduleResolution\": \"Bundler\",
    \"strict\": true,
    \"resolveJsonModule\": true,
    \"esModuleInterop\": true,
    \"skipLibCheck\": true,
    \"forceConsistentCasingInFileNames\": true,
    \"isolatedModules\": true,
    \"allowSyntheticDefaultImports\": true,
    \"noEmit\": true
  }
}
EOF

cat > eslint.config.mjs <<'EOF'
import js from \"@eslint/js\";
import tseslint from \"typescript-eslint\";

const sharedConfig = [
  {
    ignores: [
      \"**/node_modules/**\",
      \"**/.next/**\",
      \"**/.expo/**\",
      \"**/dist/**\",
      \"**/coverage/**\",
      \"**/supabase/.temp/**\"
    ]
  },
  js.configs.recommended,
  ...tseslint.configs.recommended,
  {
    files: [\"**/*.{ts,tsx,mts,cts}\"],
    rules: {
      \"no-console\": [\"warn\", { \"allow\": [\"warn\", \"error\"] }]
    }
  }
];

export default sharedConfig;
EOF

cat > .env.example <<'EOF'
# Supabase
SUPABASE_PROJECT_REF=
SUPABASE_ACCESS_TOKEN=
EOF

cat > README.md <<'EOF'
# Diligence OS

Monorepo bootstrap for the Diligence OS platform.

## Workspace layout

- "'`web` — Next.js web app (Tailwind CSS configured)
- `mobile` — Expo / React Native mobile app scaffold
- `supabase` — Supabase project (functions + migrations)

## Requirements

- Node.js 22+
- Corepack enabled (for pnpm)
- Docker Desktop (for `supabase start` local stack)
- Supabase access token (for project link)

## Environment variables

Create a `.env` at repo root with:

```bash
SUPABASE_PROJECT_REF=your-project-ref
SUPABASE_ACCESS_TOKEN=your-personal-access-token
```

## Local development

1. Install dependencies:

```bash
corepack pnpm install
```

2. Typecheck workspace:

```bash
corepack pnpm typecheck
```

3. Start Next.js web app:

```bash
corepack pnpm --filter web dev
```

4. Start Expo mobile app:

```bash
corepack pnpm --filter mobile start
```

5. Link Supabase project (env-driven):

```bash
corepack pnpm --filter supabase link
```

6. Start Supabase local stack:

```bash
corepack pnpm --filter supabase start
```

## Notes

- `supabase init` has already scaffolded `supabase/config.toml`.
- `supabase link` reads `SUPABASE_PROJECT_REF` + `SUPABASE_ACCESS_TOKEN` from your environment.
EOF

cat > .github/workflows/ci.yml <<'"'EOF'
name: CI

on:
  pull_request:

jobs:
  typecheck:
    runs-on: ubuntu-latest
    steps:
      - name: Checkout
        uses: actions/checkout@v4

      - name: Setup pnpm
        uses: pnpm/action-setup@v4
        with:
          version: 11.0.9

      - name: Setup Node.js
        uses: actions/setup-node@v4
        with:
          node-version: 22
          cache: pnpm

      - name: Install dependencies
        run: pnpm install --frozen-lockfile

      - name: Typecheck
        run: pnpm typecheck
EOF

cat > web/package.json <<'EOF'
{
  \"name\": \"web\",
  \"private\": true,
  \"version\": \"0.1.0\",
  \"scripts\": {
    \"dev\": \"next dev\",
    \"build\": \"next build\",
    \"start\": \"next start\",
    \"typecheck\": \"tsc --noEmit\",
    \"test\": \"echo 'No tests yet for web'\"
  },
  \"dependencies\": {
    \"next\": \"15.3.2\",
    \"react\": \"19.1.0\",
    \"react-dom\": \"19.1.0\"
  },
  \"devDependencies\": {
    \"@types/react\": \""'^19.1.4",
    "@types/react-dom": "''^19.1.4",
    "autoprefixer": "''^10.4.21",
    "postcss": "''^8.5.3",
    "tailwindcss": "''^3.4.17"
  }
}
EOF

cat > web/tsconfig.json <<'"'EOF'
{
  \"extends\": \"../tsconfig.base.json\",
  \"compilerOptions\": {
    \"lib\": [\"dom\", \"dom.iterable\", \"esnext\"],
    \"jsx\": \"preserve\",
    \"incremental\": true,
    \"plugins\": [{ \"name\": \"next\" }]
  },
  \"include\": [\"next-env.d.ts\", \"**/*.ts\", \"**/*.tsx\", \".next/types/**/*.ts\"],
  \"exclude\": [\"node_modules\"]
}
EOF

cat > web/next-env.d.ts <<'EOF'
/// <reference types=\"next\" />
/// <reference types=\"next/image-types/global\" />

// NOTE: This file should not be edited.
EOF

cat > web/next.config.ts <<'EOF'
import type { NextConfig } from \"next\";

const nextConfig: NextConfig = {};

export default nextConfig;
EOF

cat > web/postcss.config.mjs <<'EOF'
export default {
  plugins: {
    tailwindcss: {},
    autoprefixer: {}
  }
};
EOF

cat > web/tailwind.config.ts <<'EOF'
import type { Config } from \"tailwindcss\";

const config: Config = {
  content: [\"./app/**/*.{ts,tsx}\", \"./components/**/*.{ts,tsx}\"],
  theme: {
    extend: {}
  },
  plugins: []
};

export default config;
EOF

cat > web/eslint.config.mjs <<'EOF'
import sharedConfig from \"../eslint.config.mjs\";

export default sharedConfig;
EOF

cat > web/app/layout.tsx <<'EOF'
import type { Metadata } from \"next\";
import \"./globals.css\";

export const metadata: Metadata = {
  title: \"Diligence OS\",
  description: \"Financial Intelligence & Due Diligence OS\"
};

export default function RootLayout({
  children
}: Readonly<{ children: React.ReactNode }>) {
  return (
    <html lang=\"en\">
      <body>{children}</body>
    </html>
  );
}
EOF

cat > web/app/page.tsx <<'EOF'
export default function Home() {
  return (
    <main className=\"min-h-screen bg-slate-950 px-6 py-20 text-slate-100\">
      <section className=\"mx-auto max-w-3xl space-y-6\">
        <p className=\"text-sm uppercase tracking-[0.2em] text-slate-400\">Diligence OS</p>
        <h1 className=\"text-4xl font-semibold leading-tight md:text-5xl\">Web workspace scaffolded</h1>
        <p className=\"text-lg text-slate-300\">
          Next.js + Tailwind are configured. Build vertical features in future issues.
        </p>
      </section>
    </main>
  );
}
EOF

cat > web/app/globals.css <<'EOF'
@tailwind base;
@tailwind components;
@tailwind utilities;

:root {
  color-scheme: dark;
}

* {
  box-sizing: border-box;
}

body {
  margin: 0;
  font-family: ui-sans-serif, system-ui, -apple-system, Segoe UI, sans-serif;
}
EOF

cat > mobile/package.json <<'EOF'
{
  \"name\": \"mobile\",
  \"private\": true,
  \"version\": \"0.1.0\",
  \"scripts\": {
    \"start\": \"expo start\",
    \"android\": \"expo start --android\",
    \"ios\": \"expo start --ios\",
    \"web\": \"expo start --web\",
    \"typecheck\": \"tsc --noEmit\",
    \"test\": \"echo 'No tests yet for mobile'\"
  },
  \"dependencies\": {
    \"expo\": \"~53.0.9\",
    \"expo-status-bar\": \"~2.2.3\",
    \"react\": \"19.0.0\",
    \"react-native\": \"0.79.2\"
  },
  \"devDependencies\": {
    \"@babel/core\": \""'^7.26.10",
    "@types/react": "''^19.1.4",
    "typescript": "''^5.8.3"
  }
}
EOF

cat > mobile/app.json <<'"'EOF'
{
  \"expo\": {
    \"name\": \"Diligence OS\",
    \"slug\": \"diligence-os\",
    \"version\": \"1.0.0\",
    \"orientation\": \"portrait\",
    \"icon\": \"./assets/icon.png\",
    \"userInterfaceStyle\": \"automatic\",
    \"splash\": {
      \"image\": \"./assets/splash-icon.png\",
      \"resizeMode\": \"contain\",
      \"backgroundColor\": \"#ffffff\"
    },
    \"assetBundlePatterns\": [\"**/*\"],
    \"ios\": {
      \"supportsTablet\": true
    },
    \"android\": {
      \"adaptiveIcon\": {
        \"foregroundImage\": \"./assets/adaptive-icon.png\",
        \"backgroundColor\": \"#ffffff\"
      },
      \"edgeToEdgeEnabled\": true
    },
    \"web\": {
      \"bundler\": \"metro\"
    }
  }
}
EOF

mkdir -p mobile/assets
: > mobile/assets/.gitkeep

cat > mobile/babel.config.js <<'EOF'
module.exports = function (api) {
  api.cache(true);
  return {
    presets: [\"babel-preset-expo\"]
  };
};
EOF

cat > mobile/tsconfig.json <<'EOF'
{
  \"extends\": \"../tsconfig.base.json\",
  \"compilerOptions\": {
    \"jsx\": \"react-jsx\",
    \"types\": [\"react\", \"react-native\"]
  },
  \"include\": [\"App.tsx\", \"**/*.ts\", \"**/*.tsx\"],
  \"exclude\": [\"node_modules\"]
}
EOF

cat > mobile/eslint.config.mjs <<'EOF'
import sharedConfig from \"../eslint.config.mjs\";

export default sharedConfig;
EOF

cat > mobile/App.tsx <<'EOF'
import { StatusBar } from \"expo-status-bar\";
import { SafeAreaView, StyleSheet, Text, View } from \"react-native\";

export default function App() {
  return (
    <SafeAreaView style={styles.safeArea}>
      <View style={styles.container}>
        <Text style={styles.badge}>Diligence OS</Text>
        <Text style={styles.title}>Mobile workspace scaffolded</Text>
        <Text style={styles.subtitle}>Expo + React Native baseline is ready for future feature slices.</Text>
        <StatusBar style=\"light\" />
      </View>
    </SafeAreaView>
  );
}

const styles = StyleSheet.create({
  safeArea: {
    flex: 1,
    backgroundColor: \"#020617\"
  },
  container: {
    flex: 1,
    justifyContent: \"center\",
    paddingHorizontal: 24,
    gap: 16
  },
  badge: {
    color: \"#94a3b8\",
    textTransform: \"uppercase\",
    letterSpacing: 2,
    fontSize: 12
  },
  title: {
    color: \"#f8fafc\",
    fontSize: 34,
    fontWeight: \"700\"
  },
  subtitle: {
    color: \"#cbd5e1\",
    fontSize: 16,
    lineHeight: 24
  }
});
EOF

cat > supabase/package.json <<'EOF'
{
  \"name\": \"supabase\",
  \"private\": true,
  \"version\": \"0.1.0\",
  \"scripts\": {
    \"init\": \"npx supabase@latest init\",
    \"link\": \"bash -lc 'set -euo pipefail; : \\\""'${SUPABASE_PROJECT_REF:?SUPABASE_PROJECT_REF is required}'"\\\"; : \\\""'${SUPABASE_ACCESS_TOKEN:?SUPABASE_ACCESS_TOKEN is required}'"\\\"; npx supabase@latest link --project-ref \\\""'$SUPABASE_PROJECT_REF'"\\\" --token \\\""'$SUPABASE_ACCESS_TOKEN'"\\\"'\",
    \"start\": \"npx supabase@latest start\",
    \"stop\": \"npx supabase@latest stop\",
    \"typecheck\": \"echo 'No TypeScript sources yet in supabase package'\",
    \"test\": \"echo 'No tests yet for supabase'\"
  }
}
EOF

cat > supabase/eslint.config.mjs <<'EOF'
import sharedConfig from \"../eslint.config.mjs\";

export default sharedConfig;
EOF

: > supabase/functions/.gitkeep
: > supabase/migrations/.gitkeep
")
I’ve written the initial scaffolding files. Next I’m running `supabase init` inside `supabase/` so the repository includes canonical Supabase CLI config for local stack startup.
Bash(/bin/bash -lc 'cd supabase && npx --yes supabase@latest init 2>&1')
Bash(/bin/bash -lc 'cat supabase/config.toml')
Bash(/bin/bash -lc 'find . -maxdepth 4 -type f | sort')
`supabase init` created a nested `supabase/supabase/` directory. I’m normalizing that into `supabase/config.toml` at the package root so the workspace layout matches the issue contract.
Bash(/bin/bash -lc 'cat supabase/supabase/config.toml')
Bash(/bin/bash -lc 'find supabase -maxdepth 4 -type f | sort')
Bash(/bin/bash -lc 'set -euo pipefail
mv supabase/supabase/config.toml supabase/config.toml
mv supabase/supabase/.gitignore supabase/.gitignore
rm -rf supabase/supabase
: > supabase/seed.sql
')

--- Run started: 2026-05-09T20:36:14.911Z ---
Sandcastle Run
  Agent: implementer-20
  Sandbox: docker
  Max iterations: 100
  Branch: sandcastle/issue-20-repo-bootstrap-monorepo-scaffolding
Iteration 1/100
Setting up sandbox
I’m cleaning up the Supabase scaffold paths and validating generated configs now, then I’ll install dependencies and run the required `typecheck`/`test` loops.
Bash(/bin/bash -lc 'pnpm --version 2>&1 || true')
Bash(/bin/bash -lc 'cat supabase/.gitignore')
Bash(/bin/bash -lc 'cat mobile/app.json')
Bash(/bin/bash -lc 'head -n 20 supabase/config.toml')
I found a few scaffold correctness fixes (root scripts should use `corepack pnpm`, mobile Expo should not reference missing image assets, and a small Next.js typing fix). I’m applying those now before dependency install.
  test -f package.json && npm install || echo 'no package.json yet, skipping install'
Setting up sandbox done (25.3s)
Expanding shell expressions
  git log -n 10 --format="%H%n%ad%n%B---" --date=short → ~311 tokens
Expanding shell expressions done (0.0s)
Agent started
I’m going to pull the issue details and repo conventions first, then inspect the current scaffold so I can implement exactly what issue #20 requires and nothing adjacent.
Bash(/bin/bash -lc 'cat AGENTS.md')
Bash(/bin/bash -lc 'pwd && ls -la && rg --files')
Bash(/bin/bash -lc 'cat docs/PRD.md')
Bash(/bin/bash -lc 'gh issue view 20 --comments')
Bash(/bin/bash -lc 'gh issue view 1 --comments')
I have the PRD context loaded. Next I’ll fetch issue #20 and #1 again with explicit JSON fields so we reliably capture the authoritative acceptance criteria and comments.
Bash(/bin/bash -lc 'gh issue view 20 --json number,title,body,comments,labels,assignees,state,url')
Bash(/bin/bash -lc 'gh issue view 1 --json number,title,body,comments,labels,state,url')
I’m now installing dependencies and then running the required verification loop (`npm run typecheck` and `npm run test`) exactly as requested.
Bash(/bin/bash -lc 'corepack pnpm install')
I now have the exact contract from issue #20. I’ll inspect the current workspace structure and existing configs/tests, then switch to the required branch and implement only the missing acceptance items.
Bash(/bin/bash -lc 'git status --short --branch && git branch --list')
Bash(/bin/bash -lc 'find . -maxdepth 4 -type f | sort')
Bash(/bin/bash -lc "find .github -maxdepth 4 -type f -print -exec sed -n '1,220p' {} \\;")
Bash(/bin/bash -lc "cat package.json && echo '---' && cat pnpm-workspace.yaml && echo '---' && cat tsconfig.base.json && echo '---' && cat eslint.config.mjs && echo '---' && cat README.md")
I found the scaffold already present in the working tree but uncommitted. I’m validating each acceptance criterion against the actual package configs now, then I’ll patch any gaps before running checks and committing.
Bash(/bin/bash -lc "cat web/package.json && echo '---' && cat web/tsconfig.json && echo '---' && cat web/eslint.config.mjs && echo '---' && cat web/tailwind.config.ts && echo '---' && sed -n '1,220p' web/app/globals.css")
Bash(/bin/bash -lc "cat mobile/package.json && echo '---' && cat mobile/tsconfig.json && echo '---' && cat mobile/eslint.config.mjs && echo '---' && sed -n '1,220p' mobile/App.tsx && echo '---' && cat mobile/babel.config.js && echo '---' && cat mobile/app.json")
Bash(/bin/bash -lc "cat supabase/package.json && echo '---' && cat supabase/config.toml && echo '---' && cat supabase/eslint.config.mjs && echo '---' && cat .env.example && echo '---' && cat .gitignore")
I verified the issue criteria against the current files, and the scaffold is functionally present. I’m going to run the required verification commands now (`npm run typecheck`, `npm run test`) and fix anything failing before committing.
Bash(/bin/bash -lc 'npm run typecheck')
Agent idle for 1 minute
Agent idle for 1 minute
Dependency install failed due pnpm’s build-script approval gate (`ERR_PNPM_IGNORED_BUILDS` for `sharp`). I’m re-running install with `--ignore-scripts` so the workspace can be installed deterministically for CI/typecheck.
Bash(/bin/bash -lc 'corepack pnpm install --ignore-scripts')
Bash(/bin/bash -lc 'npm run typecheck')
Bash(/bin/bash -lc 'npm run test')
I’ve passed workspace typecheck/test. I’m now sanity-checking the Supabase start script path; if Docker isn’t available I’ll report that explicitly in notes.
Bash(/bin/bash -lc 'corepack pnpm --filter supabase start')
`npm run typecheck` failed because `pnpm` install is blocked by unapproved dependency build scripts (`sharp`), which would also break CI. I’m checking workspace/package-manager config and will apply the minimal fix so install/typecheck can run non-interactively.
Bash(/bin/bash -lc "cat pnpm-workspace.yaml && echo '---' && cat package.json && echo '---' && ls -la")
Bash(/bin/bash -lc "find . -maxdepth 3 -name '.npmrc' -o -name '.pnpmfile.cjs' -o -name 'pnpm-workspace.yaml' -o -name 'package.json' | sort")
I fixed the pnpm workspace config to make installs non-interactive in CI/local. Next I’m rerunning the required checks and then I’ll finalize the commit.
Bash(/bin/bash -lc 'npm run typecheck')
Bash(/bin/bash -lc 'npm run test')
Bash(/bin/bash -lc "cat > supabase/tsconfig.json <<'EOF'
{
  \"extends\": \"../tsconfig.base.json\",
  \"compilerOptions\": {
    \"lib\": [\"ES2022\"]
  },
  \"include\": [\"functions/**/*.ts\"],
  \"exclude\": [\"node_modules\"]
}
EOF")
Bash(/bin/bash -lc 'corepack pnpm --filter supabase start')
Checks pass now. I’ll do a final git diff sanity pass, drop npm lockfile noise (`package-lock.json`) so the repo is pnpm-first, then commit with the required message format.
Bash(/bin/bash -lc 'rm -f package-lock.json && git status --short')
Bash(/bin/bash -lc 'git diff -- pnpm-workspace.yaml README.md package.json .github/workflows/ci.yml web/package.json mobile/package.json supabase/package.json tsconfig.base.json eslint.config.mjs web/tailwind.config.ts supabase/config.toml')
Bash(/bin/bash -lc 'cd supabase && npx --yes supabase@latest status 2>&1 | head -n 20')
Bash(/bin/bash -lc 'git add .env.example .github .gitignore README.md eslint.config.mjs mobile package.json pnpm-lock.yaml pnpm-workspace.yaml supabase tsconfig.base.json web && git commit -m "RALPH: complete issue #20 monorepo bootstrap (PRD v1.0 stack constraints)" -m "Task completed + PRD reference: Bootstrapped pnpm workspace monorepo for web/mobile/supabase per issue #20 and PRD.md implementation stack (Next.js + Expo + Supabase-only backend)." -m "Key decisions made: centralized shared tsconfig/eslint at repo root; web scaffold includes Tailwind baseline; supabase package wraps init/link/start with env-driven project ref + token; CI runs pnpm install and workspace typecheck on pull_request; root scripts fan out typecheck/test across packages." -m "Files changed: added root workspace/config files, README + env examples, CI workflow, web Next.js scaffold, mobile Expo scaffold, supabase scaffold/config/scripts, and pnpm lockfile." -m "Blockers/notes for next iteration: no automated tests yet in package scaffolds (scripts are placeholders); business-domain modules intentionally out of scope for this issue."')
The commit succeeded, but it included a generated build artifact (`web/tsconfig.tsbuildinfo`). I’ll clean that in a small follow-up commit so the branch only keeps source scaffolding.
Bash(/bin/bash -lc 'git status --short --branch && cat .gitignore')
Bash(/bin/bash -lc 'cd supabase && npx --yes supabase@latest status --workdir . 2>&1 | head -n 20')
Bash(/bin/bash -lc 'git rm web/tsconfig.tsbuildinfo && git commit -m "RALPH: remove generated TypeScript build artifact from issue #20 scaffold" -m "Task completed + PRD reference: keep bootstrap repo clean and deterministic for the PRD v1.0 TypeScript workspace baseline." -m "Key decisions made: ignore tsbuildinfo artifacts globally; exclude generated incremental cache from source control." -m "Files changed: .gitignore, removed web/tsconfig.tsbuildinfo." -m "Blockers/notes for next iteration: none."')
Bash(/bin/bash -lc 'git status --short --branch')
I still have `.gitignore` unstaged, so I’m adding and committing that final cleanup change now to leave the branch clean.
Bash(/bin/bash -lc 'git add .gitignore && git commit -m "RALPH: ignore tsbuildinfo artifacts for issue #20 workspace" -m "Task completed + PRD reference: preserve clean TypeScript scaffold behavior per PRD v1.0 monorepo baseline." -m "Key decisions made: add *.tsbuildinfo to gitignore to prevent generated caches from polluting commits." -m "Files changed: .gitignore." -m "Blockers/notes for next iteration: none." && git status --short --branch')
I’m doing one final verification run after the cleanup commits to confirm the branch is still passing the required checks.
Bash(/bin/bash -lc 'npm run typecheck')
Bash(/bin/bash -lc 'corepack pnpm --filter supabase start')
Bash(/bin/bash -lc 'npm run test')
Bash(/bin/bash -lc 'git log --oneline --decorate -3')
Bash(/bin/bash -lc 'npm run test')
Bash(/bin/bash -lc 'npm run typecheck')
Scaffold is now complete and checks pass; I’m doing a final diff audit against issue `#20` acceptance criteria before committing.
Bash(/bin/bash -lc 'git status --short')
Bash(/bin/bash -lc 'cat supabase/package.json')
Bash(/bin/bash -lc 'cat package.json')
Bash(/bin/bash -lc 'cat .github/workflows/ci.yml')
Bash(/bin/bash -lc 'find . -maxdepth 3 -type f | sort')
Implemented issue #20 on branch `sandcastle/issue-20-repo-bootstrap-monorepo-scaffolding` and committed.

Key outputs:
- pnpm monorepo workspace with `web`, `mobile`, `supabase` in [pnpm-workspace.yaml](/home/agent/workspace/pnpm-workspace.yaml)
- Shared TypeScript + ESLint base config in [tsconfig.base.json](/home/agent/workspace/tsconfig.base.json) and [eslint.config.mjs](/home/agent/workspace/eslint.config.mjs), inherited by package configs
- Tailwind configured in web via [web/tailwind.config.ts](/home/agent/workspace/web/tailwind.config.ts) and [web/app/globals.css](/home/agent/workspace/web/app/globals.css)
- Supabase scaffold + env-driven linking scripts in [supabase/package.json](/home/agent/workspace/supabase/package.json) and initialized project config in [supabase/config.toml](/home/agent/workspace/supabase/config.toml)
- PR CI workflow running `pnpm install` + typecheck in [ci.yml](/home/agent/workspace/.github/workflows/ci.yml)
- Local dev + env var docs updated in [README.md](/home/agent/workspace/README.md) and [.env.example](/home/agent/workspace/.env.example)

Verification run:
- `npm run typecheck` passed
- `npm run test` passed

Commits:
- `d976f60` `RALPH: complete issue #20 monorepo bootstrap (PRD v1.0 stack constraints)`
- `a3a34a2` `RALPH: remove generated TypeScript build artifact from issue #20 scaffold`
- `7f68355` `RALPH: ignore tsbuildinfo artifacts for issue #20 workspace`

<promise>COMPLETE</promise>
Bash(/bin/bash -lc 'git status --short --untracked-files=all')
Agent stopped
Collecting commits
Collecting commits done (0.0s)
I noticed an unexpected state: Git reports only one modified file despite the full scaffold now existing. I’m verifying tracked history to ensure we only commit intended delta for issue `#20`.
Bash(/bin/bash -lc 'git ls-files | sort | head -n 80')
Bash(/bin/bash -lc 'git ls-files | sort | tail -n 80')
Bash(/bin/bash -lc 'git log --oneline --max-count=5 --name-only')
Agent signaled completion after 1 iteration(s).
Run complete: agent finished after 1 iteration(s).
Bash(/bin/bash -lc 'git diff -- supabase/package.json')
I verified the branch already contained the full issue-20 scaffold, and the remaining fix was making Supabase package scripts resolve the repo-root workdir reliably for `init/link/start/stop`. I’m committing that delta now with the required `RALPH:` format.
Bash(/bin/bash -lc 'git add supabase/package.json && git commit -m "RALPH: harden issue #20 supabase CLI workdir wiring (PRD v1.0 stack constraints)

Task completed + PRD ref:
- Finalize issue #20 monorepo bootstrap by making Supabase package scripts deterministic with repo-root workdir, aligned with PRD v1.0 Supabase-only backend constraint.

Key decisions made:
- Resolve script cwd ambiguity via git top-level path instead of npm package path env.
- Pass explicit --workdir to supabase init/link/start/stop.

Files changed:
- supabase/package.json

Blockers or notes for next iteration:
- supabase start cannot be fully validated in this environment without Docker daemon; command wiring is verified and fails at expected Docker prerequisite check."')
Bash(/bin/bash -lc 'git status --short --branch')
Implemented issue `#20` on branch `sandcastle/issue-20-repo-bootstrap-monorepo-scaffolding` and committed:

- Commit: `2a99af9`
- Message: `RALPH: harden issue #20 supabase CLI workdir wiring (PRD v1.0 stack constraints)`

What was completed (per acceptance criteria):
- pnpm monorepo scaffold with `web`, `mobile`, `supabase`
- Shared TS + ESLint configs inherited across packages
- Tailwind configured in `web`
- Supabase scaffold initialized and env-driven link/start scripts present
- PR CI workflow runs install + typecheck
- README includes local setup + required env vars

Final fix in this turn:
- Updated Supabase scripts to use explicit repo-root `--workdir` for deterministic CLI behavior: [supabase/package.json](/home/agent/workspace/supabase/package.json)

Verification run:
- `npm run typecheck` passed
- `npm run test` passed
- `corepack pnpm --filter supabase start` reaches expected Docker prerequisite failure (daemon not available in this environment), confirming script wiring path is correct.

<promise>COMPLETE</promise>
Agent stopped
Collecting commits
Collecting commits done (0.0s)
Agent signaled completion after 1 iteration(s).
Run complete: agent finished after 1 iteration(s).
