
--- Run started: 2026-05-10T05:09:57.582Z ---
Sandcastle Run
  Agent: implementer-23
  Sandbox: docker
  Max iterations: 100
  Branch: sandcastle/issue-23-canonical-companies-securities-nightly-master-csv-seeder
Iteration 1/100
Setting up sandbox
  test -f package.json && npm install || echo 'no package.json yet, skipping install'
Setting up sandbox done (4.5s)
Expanding shell expressions
  git log -n 10 --format="%H%n%ad%n%B---" --date=short → ~2004 tokens
Expanding shell expressions done (0.0s)
Agent started
I’m going to pull issue `#23` and parent issue `#1`, then read `AGENTS.md` and `docs/PRD.md` to extract the exact contract and acceptance criteria before touching code. After that I’ll inspect related migrations/tests and implement strictly within scope on the requested branch.
Bash(/bin/bash -lc 'cd /home/agent/workspace && git branch --show-current && ls -la')
Bash(/bin/bash -lc "cd /home/agent/workspace && sed -n '1,220p' AGENTS.md")
Bash(/bin/bash -lc 'cd /home/agent/workspace && gh issue view 23 --comments')
Bash(/bin/bash -lc 'cd /home/agent/workspace && gh issue view 1 --comments')
I confirmed we’re already on the requested branch. Next I’m re-running the GitHub issue fetch with pager disabled because the first call returned empty output, then I’ll inspect the PRD and relevant Supabase schema/tests.
Bash(/bin/bash -lc "cd /home/agent/workspace && sed -n '1,260p' docs/PRD.md")
Bash(/bin/bash -lc "cd /home/agent/workspace && rg --files supabase/tests supabase/migrations supabase/functions | sed -n '1,240p'")
Bash(/bin/bash -lc 'cd /home/agent/workspace && GH_PAGER=cat gh issue view 23 --comments --repo $(gh repo view --json nameWithOwner -q .nameWithOwner)')
Bash(/bin/bash -lc 'cd /home/agent/workspace && GH_PAGER=cat gh issue view 1 --comments --repo $(gh repo view --json nameWithOwner -q .nameWithOwner)')
Bash(/bin/bash -lc 'cd /home/agent/workspace && gh --version && gh auth status && gh repo view --json nameWithOwner,url')
I have repo access and auth confirmed. I’m now pulling issue `#23` and parent `#1` through `--json` (instead of formatted view) so we can reliably extract the exact “What to build” and acceptance criteria.
Bash(/bin/bash -lc "cd /home/agent/workspace && sed -n '1,260p' docs/agents/issue-tracker.md")
Bash(/bin/bash -lc "cd /home/agent/workspace && sed -n '1,260p' docs/agents/domain.md")
Bash(/bin/bash -lc 'cd /home/agent/workspace && gh issue view 23 --json number,title,body,comments,author,labels,state,url')
Bash(/bin/bash -lc 'cd /home/agent/workspace && gh issue view 1 --json number,title,body,comments,author,labels,state,url')
I’ve extracted the exact issue contract. Next I’m loading `CONTEXT.md`, ADRs, and the current Supabase migrations/tests to avoid conflicts and to anchor the schema to the repo’s canonical decisions.
Bash(/bin/bash -lc 'cd /home/agent/workspace && ls -la && ls -la docs && ls -la docs/adr')
Bash(/bin/bash -lc "cd /home/agent/workspace && sed -n '1,260p' CONTEXT.md")
Bash(/bin/bash -lc "cd /home/agent/workspace && grep -n \"AD-8\\|companies\\|securities\\|pg_cron\\|master\" -n docs/PRD.md | sed -n '1,260p'")
Bash(/bin/bash -lc "cd /home/agent/workspace && find supabase -maxdepth 3 -type f | sort | sed -n '1,260p'")
I found that the canonical SQL for `companies`/`securities` is explicitly embedded in `docs/PRD.md`; I’m now comparing that against existing migrations (especially issue `#33`) so we only add what’s missing and avoid breaking prior work.
Bash(/bin/bash -lc "cd /home/agent/workspace && sed -n '360,470p' docs/PRD.md")
Bash(/bin/bash -lc "cd /home/agent/workspace && sed -n '1,320p' supabase/migrations/20260509233000_issue_33_agency_projects_reports_cache_bypass.sql")
Bash(/bin/bash -lc "cd /home/agent/workspace && sed -n '1,260p' supabase/config.toml")
Bash(/bin/bash -lc "cd /home/agent/workspace && sed -n '1,260p' supabase/seed.sql")
Bash(/bin/bash -lc "cd /home/agent/workspace && grep -RIn \"EQUITY_L\\|BSE\\|NSE\\|ISIN\\|master\" supabase web mobile docs | sed -n '1,260p'")
Bash(/bin/bash -lc "cd /home/agent/workspace && sed -n '1,260p' supabase/tests/issue_32_entitlements.sql")
Bash(/bin/bash -lc "cd /home/agent/workspace && sed -n '1,260p' supabase/tests/issue_33_agency_projects_cache_bypass.sql")
Bash(/bin/bash -lc "cd /home/agent/workspace && sed -n '1,260p' supabase/tests/issue_22_multi_org_active_org_switch.sql")
Bash(/bin/bash -lc "cd /home/agent/workspace && cat package.json && echo '---' && cat supabase/package.json")
Bash(/bin/bash -lc "cd /home/agent/workspace && sed -n '1,360p' supabase/migrations/20260509215500_issue_21_foundation_auth_tenancy.sql")
Bash(/bin/bash -lc "cd /home/agent/workspace && curl -sSL 'https://archives.nseindia.com/content/equities/EQUITY_L.csv' | head -n 5 && echo '---' && curl -sSL 'https://www.bseindia.com/markets/MarketInfo/Equity/bse_eq_securitymaster.aspx' | head -n 60")
I confirmed NSE’s master CSV endpoint is live and gives the expected columns. I’m now probing BSE’s master CSV endpoint/format so the seeder can merge NSE symbol + BSE code into the same canonical security rows.
Bash(/bin/bash -lc "cd /home/agent/workspace && curl -sSL --max-time 20 'https://www.bseindia.com/markets/MarketInfo/BhavCopy.aspx' | grep -Eo 'https?://["'^"'"\\']+' | grep -i 'eq\\|isin\\|csv\\|zip' | sed -n '1,80p'")
Bash(/bin/bash -lc "cd /home/agent/workspace && curl -sSL --max-time 20 'https://www.bseindia.com/markets/MarketInfo/Equity/bse_eq_securitymaster.aspx' | grep -Eo 'https?://["'^"'"\\']+\\.csv' | sed -n '1,40p'")
I hit a shell-quoting error while scraping BSE links; I’m rerunning those probes with safer quoting to identify a stable BSE CSV source.
Bash(/bin/bash -lc "cd /home/agent/workspace && curl -sSL --max-time 20 \"https://www.bseindia.com/markets/MarketInfo/Equity/bse_eq_securitymaster.aspx\" | grep -Eo 'https?://["'^"[:space:]]+'"' | grep -i '\\.csv\\|security\\|scrip\\|download' | sed -n '1,120p'")
Bash(/bin/bash -lc "cd /home/agent/workspace && curl -sSL --max-time 20 \"https://www.bseindia.com/markets/MarketInfo/BhavCopy.aspx\" | grep -Eo 'https?://["'^"[:space:]]+'"' | grep -i 'eq\\|isin\\|csv\\|zip\\|download' | sed -n '1,120p'")
Bash(/bin/bash -lc 'cd /home/agent/workspace && for d in 090526 080526 070526 060526 050526; do u="https://www.bseindia.com/download/BhavCopy/Equity/EQ_ISINCODE_${d}.CSV"; code=$(curl -s -o /tmp/bse_${d}.csv -w "%{http_code}" --max-time 20 "$u"); echo "$d $code"; if [ "$code" = "200" ]; then head -n 3 /tmp/bse_${d}.csv; break; fi; done')
Bash(/bin/bash -lc 'cd /home/agent/workspace && for d in 090526 080526 070526 060526 050526; do u="https://www.bseindia.com/download/BhavCopy/Equity/EQ_ISINCODE_${d}.zip"; code=$(curl -s -o /tmp/bse_${d}.zip -w "%{http_code}" --max-time 20 "$u"); echo "zip $d $code"; if [ "$code" = "200" ]; then unzip -p /tmp/bse_${d}.zip | head -n 3; break; fi; done')
Bash(/bin/bash -lc 'cd /home/agent/workspace && for base in https://www.bsestatic.com/download/BhavCopy/Equity https://www.bseindia.com/download/BhavCopy/Equity https://www.bseindia.com/download/BseIndiaAPI/BhavCopy/Equity; do echo "BASE $base"; for d in 080526 070526 060526; do u="$base/EQ_ISINCODE_${d}.CSV"; code=$(curl -s -L -A '"'Mozilla/5.0' -o /tmp/test.csv -w '%{http_code}' --max-time 20 \""'$u"); head=$(head -n 1 /tmp/test.csv 2>/dev/null); echo "$d $code ${head:0:60}"; done; done')
I confirmed NSE is straightforward; BSE’s common bhavcopy URLs are bot-protected from this environment. I’m now using BSE’s `List_Scrips` dataset path to find a stable machine-readable feed we can use in SQL without external middleware.
Bash(/bin/bash -lc "cd /home/agent/workspace && curl -sSL --max-time 20 'https://www.bseindia.com/corporates/List_Scrips.html' | sed -n '1,220p'")
Bash(/bin/bash -lc "cd /home/agent/workspace && curl -sSL --max-time 30 'https://www.bseindia.com/assets/includenew/js/main-CHSYTVUC.js' -o /tmp/bse-main.js && grep -Eo 'https://api\\.bseindia\\.com["'^"'"\\'\\) ]+' /tmp/bse-main.js | sort -u | sed -n '1,200p' && echo '---' && grep -Eo 'ListofScripData|scrip|CSV|csv|DownloadAttach|ISIN|securitymaster|BhavCopy' /tmp/bse-main.js | sort -u | sed -n '1,120p'")
Bash(/bin/bash -lc "cd /home/agent/workspace && cat >/tmp/probe_bse.sh <<'EOF'
set -euo pipefail
curl -sSL --max-time 30 'https://www.bseindia.com/assets/includenew/js/main-CHSYTVUC.js' -o /tmp/bse-main.js
grep -Eo \"https://api\\.bseindia\\.com["'^'"\\\"') ]+\" /tmp/bse-main.js | sort -u | sed -n '1,200p'
echo '---'
grep -Eo 'ListofScripData|scrip|CSV|csv|DownloadAttach|ISIN|securitymaster|BhavCopy' /tmp/bse-main.js | sort -u | sed -n '1,120p'
EOF
bash /tmp/probe_bse.sh")
Bash(/bin/bash -lc "cd /home/agent/workspace && wc -c /tmp/bse-main.js && grep -ao 'api.bseindia.com' /tmp/bse-main.js | head -n 5 && grep -ao 'ListofScripData' /tmp/bse-main.js | head -n 5 && grep -ao 'scrip' /tmp/bse-main.js | head -n 10")
Bash(/bin/bash -lc "cd /home/agent/workspace && python - <<'PY'
from pathlib import Path
s=Path('/tmp/bse-main.js').read_text(errors='ignore')
for tok in ['ListofScripData','DownloadAttach','BhavCopy','api.bseindia.com','CSV']:
    i=s.find(tok)
    print('\\nTOKEN',tok,'index',i)
    if i"'!=-1:
        print(s[max(0,i-220):i+420])
PY')
I located the `ListofScripData` token in BSE’s frontend bundle; I’m extracting nearby strings to recover the underlying API endpoint and map the response fields for our SQL upsert function.
Bash(/bin/bash -lc "cd /home/agent/workspace && node - <<'NODE'
const fs=require('fs');
const s=fs.readFileSync('/tmp/bse-main.js','utf8');
for (const tok of ['ListofScripData','DownloadAttach','BhavCopy','api.bseindia.com','CSV','BSE_EQ_SCRIP']) {
  const i=s.indexOf(tok);
  console.log('\\nTOKEN',tok,'index',i);
  if(i"'!==-1){
    console.log(s.slice(Math.max(0,i-260), i+520));
  }
}
NODE')
Bash(/bin/bash -lc "cd /home/agent/workspace && grep -ao 'BseIndiaAPI/api["'^"'"\\'\\ ]*' /tmp/bse-main.js | sort -u | sed -n '1,120p' && echo '---' && grep -ao 'https:["'^"'"\\'\\ ]*BseIndiaAPI["'^"'"\\'\\ ]*' /tmp/bse-main.js | sort -u | sed -n '1,120p'")
Bash(/bin/bash -lc "cd /home/agent/workspace && cat >/tmp/grep_bse.sh <<'EOF'
set -euo pipefail
grep -ao \"BseIndiaAPI/api["'^'"\\\"' ]*\" /tmp/bse-main.js | sort -u | sed -n '1,120p'
echo '---'
grep -ao \"https:["'^'"\\\"' ]*BseIndiaAPI["'^'"\\\"' ]*\" /tmp/bse-main.js | sort -u | sed -n '1,120p'
EOF
bash /tmp/grep_bse.sh")
Bash(/bin/bash -lc "cd /home/agent/workspace && curl -sSL --max-time 20 'https://www.bseindia.com/env.js' | sed -n '1,240p'")
Bash(/bin/bash -lc "cd /home/agent/workspace && grep -ao 'LitsOfScripCSVDownload/w["'^"'"\\' ]*' /tmp/bse-main.js | sort -u | sed -n '1,50p' && grep -ao 'ListofScripData/w["'^"'"\\' ]*' /tmp/bse-main.js | sort -u | sed -n '1,50p'")
Bash(/bin/bash -lc 'cd /home/agent/workspace && for host in https://api.bseindia.com https://mservicein.bseindia.com https://www.bseindia.com; do for path in /BseIndiaAPI/api/LitsOfScripCSVDownload/w /BseIndiaAPI/api/ListofScripData/w /BseIndiaAPI/api/ListofScripCSVDownload/w /BseIndiaAPI/api/LitsOfScripCSVDownload/w?flag=0 /BseIndiaAPI/api/ListofScripData/w?group=&industry=; do url="$host$path"; code=$(curl -sSL -A '"'Mozilla/5.0' -o /tmp/bse_probe.out -w '%{http_code}' --max-time 20 \""'$url"); first=$(head -n 1 /tmp/bse_probe.out 2>/dev/null | tr -d '"'\\r' | cut -c1-120); echo \""'$code $url :: $first"; done; done')
Bash(/bin/bash -lc "cd /home/agent/workspace && cat >/tmp/probe_bse_endpoints.sh <<'EOF'
set -euo pipefail
hosts=(\"https://api.bseindia.com\" \"https://mservicein.bseindia.com\" \"https://www.bseindia.com\")
paths=(
  \"/BseIndiaAPI/api/LitsOfScripCSVDownload/w\"
  \"/BseIndiaAPI/api/ListofScripData/w\"
  \"/BseIndiaAPI/api/ListofScripCSVDownload/w\"
  \"/BseIndiaAPI/api/LitsOfScripCSVDownload/w?flag=0\"
  \"/BseIndiaAPI/api/ListofScripData/w?group=%20&industry=%20\"
)
for host in \""'${hosts[@]}"; do
  for path in "${paths[@]}"; do
    url="$host$path"
    code=$(curl -sSL -A '"'Mozilla/5.0' -o /tmp/bse_probe.out -w '%{http_code}' --max-time 20 \""'$url" || true)
    first=$(head -n 1 /tmp/bse_probe.out 2>/dev/null | tr -d '"'\\r' | cut -c1-120)
    echo \""'$code $url :: $first"
  done
done

grep -ao "LitsOfScripCSVDownload/w[''^'"\\\"' ]*\" /tmp/bse-main.js | sort -u | sed -n '1,50p'
grep -ao \"ListofScripData/w["'^'"\\\"' ]*\" /tmp/bse-main.js | sort -u | sed -n '1,50p'
EOF
bash /tmp/probe_bse_endpoints.sh")
I’ve switched to a scripted endpoint probe to avoid shell escaping errors and test all likely BSE API hosts/paths in one pass; next output should reveal which URL actually returns the listing payload.
Bash(/bin/bash -lc "cd /home/agent/workspace && cat >/tmp/probe_bse_endpoints.sh <<'EOF'
set -u
hosts=(\"https://api.bseindia.com\" \"https://mservicein.bseindia.com\" \"https://www.bseindia.com\")
paths=(
  \"/BseIndiaAPI/api/LitsOfScripCSVDownload/w\"
  \"/BseIndiaAPI/api/ListofScripData/w\"
  \"/BseIndiaAPI/api/ListofScripCSVDownload/w\"
  \"/BseIndiaAPI/api/LitsOfScripCSVDownload/w?flag=0\"
  \"/BseIndiaAPI/api/ListofScripData/w?group=%20&industry=%20\"
)
for host in \""'${hosts[@]}"; do
  for path in "${paths[@]}"; do
    url="$host$path"
    code=$(curl -sSL -A '"'Mozilla/5.0' -o /tmp/bse_probe.out -w '%{http_code}' --max-time 15 \""'$url" || true)
    first=$(head -n 1 /tmp/bse_probe.out 2>/dev/null | tr -d '"'\\r' | cut -c1-120)
    echo \""'$code $url :: $first"
  done
done

echo '"'---tokens---'
grep -ao \"LitsOfScripCSVDownload/w["'^'"\\\"' ]*\" /tmp/bse-main.js | sort -u | sed -n '1,50p' || true
grep -ao \"ListofScripData/w["'^'"\\\"' ]*\" /tmp/bse-main.js | sort -u | sed -n '1,50p' || true
EOF
bash /tmp/probe_bse_endpoints.sh")
Agent idle for 1 minute
Bash(/bin/bash -lc "cd /home/agent/workspace && curl -sS -D - 'https://api.bseindia.com/BseIndiaAPI/api/ListofScripData/w?Group=&Status=' -H 'accept: application/json, text/plain, */*' -H 'origin: https://www.bseindia.com' -H 'referer: https://www.bseindia.com/corporates/List_Scrips.html' -H 'user-agent: Mozilla/5.0' --max-time 20 | sed -n '1,80p'")
Bash(/bin/bash -lc "cd /home/agent/workspace && node - <<'NODE'
const fs=require('fs');
const s=fs.readFileSync('/tmp/bse-main.js','utf8');
function show(tok){
 let idx=-1, n=0;
 while((idx=s.indexOf(tok, idx+1))"'!==-1 && n<5){
   console.log('"'\\n---',tok,'occ',++n,'idx',idx,'---');
   console.log(s.slice(Math.max(0,idx-420), idx+520));
 }
}
show('ListofScripData/w');
show('LitsOfScripCSVDownload/w');
show('listOfScripData');
show('listOfScripCsvDownload');
NODE")
Bash(/bin/bash -lc "cd /home/agent/workspace && node - <<'NODE'
const fs=require('fs');
const s=fs.readFileSync('/tmp/bse-main.js','utf8');
let idx=-1, count=0;
while((idx=s.indexOf('BSE_Domain_APIUrl', idx+1))"'!==-1 && count<6){
  count++;
  console.log('"'\\nocc',count,'idx',idx);
  console.log(s.slice(Math.max(0,idx-420), idx+620));
}
NODE")
Bash(/bin/bash -lc "cd /home/agent/workspace && curl -sS 'https://api.bseindia.com/BseIndiaAPI/api/ListofScripData/w?Group=&Scripcode=&segment=Equity&status=Active' -H 'accept: application/json, text/plain, */*' -H 'origin: https://www.bseindia.com' -H 'referer: https://www.bseindia.com/corporates/List_Scrips.html' -H 'user-agent: Mozilla/5.0' --max-time 30 | sed -n '1,30p'")
Bash(/bin/bash -lc "cd /home/agent/workspace && curl -sS 'https://api.bseindia.com/BseIndiaAPI/api/LitsOfScripCSVDownload/w?Group=&Scripcode=&segment=Equity&status=Active' -H 'accept: text/csv,*/*' -H 'origin: https://www.bseindia.com' -H 'referer: https://www.bseindia.com/corporates/List_Scrips.html' -H 'user-agent: Mozilla/5.0' --max-time 30 | head -n 5")
Bash(/bin/bash -lc "cd /home/agent/workspace && curl -sS 'https://api.bseindia.com/BseIndiaAPI/api/LitsOfScripCSVDownload/w?Group=&Scripcode=&segment=Equity&status=Active' --max-time 20 | head -n 3 && echo '---' && curl -sS 'https://api.bseindia.com/BseIndiaAPI/api/ListofScripData/w?Group=&Scripcode=&segment=Equity&status=Active' --max-time 20 | head -n 1 | cut -c1-120")
Bash(/bin/bash -lc "cd /home/agent/workspace && curl -sS -D - 'https://api.bseindia.com/BseIndiaAPI/api/LitsOfScripCSVDownload/w?Group=&Scripcode=&segment=Equity&status=Active' --max-time 20 | sed -n '1,40p'")
Bash(/bin/bash -lc "cd /home/agent/workspace && grep -RIn \"create extension\\|pg_cron\\|cron\\.schedule\\|extensions\\.http\\|http_get\\|net\\.http\" supabase/migrations supabase/tests | sed -n '1,260p'")
I’ve mapped the concrete data sources and constraints. Implementation plan:

1. Add a new migration for issue `#23` that:
1. Creates `public.securities` exactly per AD-8 (including `one_primary_per_company` partial unique index).
2. Adds supporting indexes/constraints on `companies` as needed without altering unrelated tables.
3. Enables `http`, `pg_cron`, and adds a seeder function that ingests NSE `EQUITY_L.csv` plus BSE `LitsOfScripCSVDownload` CSV, upserting `companies` and `securities`.
4. Sets deterministic `is_primary` using exchange precedence (`NSE` before `BSE`) among equity instruments per company.
5. Schedules a nightly `cron` job and invokes a first-run seed in migration.
6. Ensures these reference tables are globally readable (`anon`/`authenticated`) with RLS disabled.

2. RED: add `supabase/tests/issue_23_canonical_companies_securities_seed.sql` that asserts:
1. `securities` schema/index contract.
2. Public readability and no RLS.
3. Seeder logic deterministically sets one `is_primary` per company on fixture CSV input.
4. Cron job registration exists.

3. GREEN: implement migration/functions until that test passes, then refactor SQL for clarity and idempotency.

I’m starting with the test file now.
Bash(/bin/bash -lc "cd /home/agent/workspace && cat > supabase/tests/issue_23_canonical_companies_securities_master_seed.sql <<'SQL'
begin;

do "'$$
declare
  nse_csv text := E'"'SYMBOL,NAME OF COMPANY, SERIES, DATE OF LISTING, PAID UP VALUE, MARKET LOT, ISIN NUMBER, FACE VALUE\\nI23NSE,Issue 23 Canonical Co Limited,EQ,01-JAN-2020,10,1,INEXAMPLE0011,10';
  bse_csv text := E'Security Code,Issuer Name,Security Id,Security Name,Status,Group,Face Value,ISIN No,Instrument\\n900001,Issue 23 Canonical Co Limited,I23NSE,Issue 23 Canonical Co Limited,Active,A,10,INEXAMPLE0011,Equity\\n900002,Issue 23 Canonical Co Limited,I23BSE,Issue 23 Canonical Co Limited,Active,A,10,INEXAMPLE0012,Equity';
  seeded jsonb;
  v_company_id uuid;
  v_security_count int;
  v_primary_count int;
begin
  if not exists (
    select 1
    from information_schema.tables
    where table_schema = 'public'
      and table_name = 'securities'
  ) then
    raise exception 'expected public.securities table to exist';
  end if;

  if not exists (
    select 1
    from pg_indexes
    where schemaname = 'public'
      and tablename = 'securities'
      and indexname = 'one_primary_per_company'
      and indexdef ilike '% where (is_primary = true)%'
  ) then
    raise exception 'expected one_primary_per_company partial unique index on securities';
  end if;

  if (select c.relrowsecurity from pg_class c join pg_namespace n on n.oid = c.relnamespace where n.nspname = 'public' and c.relname = 'companies') then
    raise exception 'expected companies relrowsecurity to be disabled';
  end if;

  if (select c.relrowsecurity from pg_class c join pg_namespace n on n.oid = c.relnamespace where n.nspname = 'public' and c.relname = 'securities') then
    raise exception 'expected securities relrowsecurity to be disabled';
  end if;

  if not exists (
    select 1 from information_schema.role_table_grants
    where table_schema = 'public' and table_name = 'companies' and grantee = 'anon' and privilege_type = 'SELECT'
  ) then
    raise exception 'expected anon select grant on companies';
  end if;

  if not exists (
    select 1 from information_schema.role_table_grants
    where table_schema = 'public' and table_name = 'securities' and grantee = 'anon' and privilege_type = 'SELECT'
  ) then
    raise exception 'expected anon select grant on securities';
  end if;

  select public.refresh_canonical_companies_securities_master(nse_csv, bse_csv)
  into seeded;

  if coalesce((seeded ->> 'nse_rows')::int, 0) < 1 then
    raise exception 'expected nse_rows >= 1 from seeded result, got %', seeded;
  end if;

  if coalesce((seeded ->> 'bse_rows')::int, 0) < 2 then
    raise exception 'expected bse_rows >= 2 from seeded result, got %', seeded;
  end if;

  select id into v_company_id
  from public.companies
  where legal_name = 'Issue 23 Canonical Co Limited'
  order by created_at desc
  limit 1;

  if v_company_id is null then
    raise exception 'expected seeded company for fixture legal_name';
  end if;

  select count(*) into v_security_count
  from public.securities
  where company_id = v_company_id;

  if v_security_count <> 2 then
    raise exception 'expected exactly 2 securities rows for fixture company, got %', v_security_count;
  end if;

  select count(*) into v_primary_count
  from public.securities
  where company_id = v_company_id and is_primary = true;

  if v_primary_count <> 1 then
    raise exception 'expected exactly one primary security, got %', v_primary_count;
  end if;

  if not exists (
    select 1
    from public.securities
    where company_id = v_company_id
      and isin = 'INEXAMPLE0011'
      and is_primary = true
      and nse_symbol = 'I23NSE'
  ) then
    raise exception 'expected NSE-linked security to be selected as deterministic primary';
  end if;

  if not exists (
    select 1
    from cron.job
    where jobname = 'refresh_canonical_companies_securities_master'
      and command ilike '%refresh_canonical_companies_securities_master%'
  ) then
    raise exception 'expected nightly cron job for master seeder';
  end if;
end;
"'$$;

rollback;
SQL')
Bash(/bin/bash -lc "cd /home/agent/workspace && node - <<'NODE'
const line='TCS,Tata Consultancy Services Limited,EQ,25-AUG-2004,1,1,INE467B01029,1';
const line2='ABC,\"Foo, Bar Limited\",EQ,01-JAN-2020,10,1,INE000A01011,10';
for (const s of [line,line2]) {
  const m=s.match(/"'^([''^,]+),(.*),([''^,]+),([''^,]+),([''^,]+),([''^,]+),([''^,]+),([''^,]+)$/);
  console.log(s, '"'\\n', m&&m.slice(1));
}
NODE")
Bash(/bin/bash -lc "cd /home/agent/workspace && cat > supabase/migrations/20260510143000_issue_23_canonical_companies_securities_master_seed.sql <<'SQL'
create extension if not exists http with schema extensions;
create extension if not exists pg_cron with schema pg_catalog;

create table if not exists public.securities (
  id uuid primary key default gen_random_uuid(),
  company_id uuid not null references public.companies(id) on delete cascade,
  isin text unique not null,
  security_type text check (security_type in ('equity', 'debt', 'preference')),
  nse_symbol text,
  bse_code text,
  is_primary boolean not null default false,
  created_at timestamptz not null default now()
);

create index if not exists securities_company_id_idx on public.securities (company_id);
create index if not exists securities_nse_symbol_idx on public.securities (nse_symbol);
create index if not exists securities_bse_code_idx on public.securities (bse_code);
create unique index if not exists one_primary_per_company
  on public.securities (company_id)
  where is_primary = true;

alter table public.companies disable row level security;
alter table public.securities disable row level security;

grant select on public.companies to anon, authenticated;
grant select on public.securities to anon, authenticated;

create or replace function public.refresh_canonical_companies_securities_master(
  p_nse_csv text default null,
  p_bse_csv text default null
)
returns jsonb
language plpgsql
security definer
set search_path = public, extensions
as "'$$
declare
  nse_url text := '"'https://archives.nseindia.com/content/equities/EQUITY_L.csv';
  bse_url text := 'https://api.bseindia.com/BseIndiaAPI/api/LitsOfScripCSVDownload/w?Group=&Scripcode=&segment=Equity&status=Active';
  nse_response extensions.http_response;
  bse_response extensions.http_response;
  nse_csv text;
  bse_csv text;
  rec record;
  v_company_id uuid;
  touched_company_count int := 0;
  nse_rows int := 0;
  bse_rows int := 0;
  company_inserts int := 0;
  security_upserts int := 0;
begin
  nse_csv := p_nse_csv;
  bse_csv := p_bse_csv;

  if nse_csv is null then
    select * into nse_response from extensions.http_get(nse_url);
    if nse_response.status < 200 or nse_response.status >= 300 then
      raise exception 'nse master csv fetch failed with status %', nse_response.status;
    end if;
    nse_csv := nse_response.content;
  end if;

  if bse_csv is null then
    select *
    into bse_response
    from extensions.http((
      'GET',
      bse_url,
      array[
        extensions.http_header('accept', 'text/csv,*/*'),
        extensions.http_header('origin', 'https://www.bseindia.com'),
        extensions.http_header('referer', 'https://www.bseindia.com/corporates/List_Scrips.html'),
        extensions.http_header('user-agent', 'Mozilla/5.0 (compatible; diligence-os-master-seeder/1.0)')
      ]::extensions.http_header[],
      null,
      null
    )::extensions.http_request);

    if bse_response.status < 200 or bse_response.status >= 300 then
      raise exception 'bse master csv fetch failed with status %', bse_response.status;
    end if;
    bse_csv := bse_response.content;
  end if;

  create temp table tmp_nse_master (
    isin text primary key,
    nse_symbol text,
    legal_name text,
    security_type text,
    exchange_rank int
  ) on commit drop;

  insert into tmp_nse_master (isin, nse_symbol, legal_name, security_type, exchange_rank)
  select
    upper(trim((m.captures)[7])) as isin,
    nullif(upper(trim((m.captures)[1])), '') as nse_symbol,
    nullif(trim(both '\"' from (m.captures)[2]), '') as legal_name,
    'equity'::text,
    1
  from regexp_split_to_table(replace(nse_csv, E'\\r', ''), E'\\n') as line
  cross join lateral regexp_match(line, '"'^([''^,]+),(.*),([''^,]+),([''^,]+),([''^,]+),([''^,]+),([''^,]+),([''^,]+)$'"') as m(captures)
  where line "'!~* '"'"'^SYMBOL,'"'
    and nullif(trim(line), '') is not null
    and upper(trim((m.captures)[3])) in ('EQ', 'BE')
    and nullif(trim((m.captures)[7]), '') is not null
  on conflict (isin) do update
  set
    nse_symbol = excluded.nse_symbol,
    legal_name = excluded.legal_name,
    security_type = excluded.security_type,
    exchange_rank = excluded.exchange_rank;

  get diagnostics nse_rows = row_count;

  create temp table tmp_bse_master (
    isin text primary key,
    bse_code text,
    bse_symbol text,
    legal_name text,
    security_type text,
    exchange_rank int
  ) on commit drop;

  insert into tmp_bse_master (isin, bse_code, bse_symbol, legal_name, security_type, exchange_rank)
  select
    upper(trim(split_part(line, ',', 8))) as isin,
    nullif(trim(split_part(line, ',', 1)), '') as bse_code,
    nullif(upper(trim(split_part(line, ',', 3))), '') as bse_symbol,
    nullif(trim(split_part(line, ',', 2)), '') as legal_name,
    'equity'::text,
    2
  from regexp_split_to_table(replace(bse_csv, E'\\r', ''), E'\\n') as line
  where line "'!~* '"'"'^Security Code,'"'
    and nullif(trim(line), '') is not null
    and upper(trim(split_part(line, ',', 9))) = 'EQUITY'
    and nullif(trim(split_part(line, ',', 8)), '') is not null
  on conflict (isin) do update
  set
    bse_code = excluded.bse_code,
    bse_symbol = excluded.bse_symbol,
    legal_name = excluded.legal_name,
    security_type = excluded.security_type,
    exchange_rank = excluded.exchange_rank;

  get diagnostics bse_rows = row_count;

  create temp table tmp_master_merge (
    isin text primary key,
    nse_symbol text,
    bse_code text,
    legal_name text,
    display_name text,
    security_type text,
    exchange_rank int
  ) on commit drop;

  insert into tmp_master_merge (isin, nse_symbol, bse_code, legal_name, display_name, security_type, exchange_rank)
  select
    coalesce(n.isin, b.isin) as isin,
    n.nse_symbol,
    b.bse_code,
    coalesce(n.legal_name, b.legal_name) as legal_name,
    coalesce(nullif(n.nse_symbol, ''), nullif(b.bse_symbol, ''), coalesce(n.legal_name, b.legal_name)) as display_name,
    coalesce(n.security_type, b.security_type, 'equity') as security_type,
    least(coalesce(n.exchange_rank, 99), coalesce(b.exchange_rank, 99)) as exchange_rank
  from tmp_nse_master n
  full outer join tmp_bse_master b
    on b.isin = n.isin
  where coalesce(n.isin, b.isin) is not null;

  create temp table tmp_touched_companies (
    company_id uuid primary key
  ) on commit drop;

  for rec in
    select *
    from tmp_master_merge
    order by legal_name, exchange_rank, isin
  loop
    select s.company_id
      into v_company_id
    from public.securities s
    where s.isin = rec.isin
    limit 1;

    if v_company_id is null then
      select c.id
        into v_company_id
      from public.companies c
      where lower(c.legal_name) = lower(rec.legal_name)
      order by c.created_at asc
      limit 1;
    end if;

    if v_company_id is null then
      insert into public.companies (cin, legal_name, display_name, listing_status)
      values (null, rec.legal_name, rec.display_name, 'listed')
      returning id into v_company_id;
      company_inserts := company_inserts + 1;
    end if;

    insert into public.securities (company_id, isin, security_type, nse_symbol, bse_code, is_primary)
    values (v_company_id, rec.isin, rec.security_type, rec.nse_symbol, rec.bse_code, false)
    on conflict (isin) do update
    set
      company_id = excluded.company_id,
      security_type = excluded.security_type,
      nse_symbol = excluded.nse_symbol,
      bse_code = excluded.bse_code;

    security_upserts := security_upserts + 1;

    insert into tmp_touched_companies (company_id)
    values (v_company_id)
    on conflict (company_id) do nothing;
  end loop;

  select count(*) into touched_company_count from tmp_touched_companies;

  update public.securities s
  set is_primary = false
  where s.company_id in (select company_id from tmp_touched_companies);

  with ranked as (
    select
      s.id,
      row_number() over (
        partition by s.company_id
        order by
          case
            when s.security_type = 'equity' and s.nse_symbol is not null then 1
            when s.security_type = 'equity' and s.bse_code is not null then 2
            when s.security_type = 'equity' then 3
            else 99
          end,
          coalesce(s.nse_symbol, s.bse_code, s.isin)
      ) as rn
    from public.securities s
    where s.company_id in (select company_id from tmp_touched_companies)
  )
  update public.securities s
  set is_primary = (ranked.rn = 1)
  from ranked
  where ranked.id = s.id;

  return jsonb_build_object(
    'nse_rows', nse_rows,
    'bse_rows', bse_rows,
    'touched_companies', touched_company_count,
    'company_inserts', company_inserts,
    'security_upserts', security_upserts
  );
end;
"'$$;

-- Seed once at deploy time.
select public.refresh_canonical_companies_securities_master();

-- Nightly refresh job.
do $$
declare
  existing_job_id bigint;
begin
  for existing_job_id in
    select jobid from cron.job where jobname = '"'refresh_canonical_companies_securities_master'
  loop
    perform cron.unschedule(existing_job_id);
  end loop;

  perform cron.schedule(
    'refresh_canonical_companies_securities_master',
    '10 1 * * *',
    'select public.refresh_canonical_companies_securities_master();'
  );
end;
"'$$;
SQL')
I’ve added the new issue-23 migration and a RED test. Next I’m validating SQL shape via diff review, then running `npm run typecheck` and `npm run test` as required before committing.
Bash(/bin/bash -lc 'cd /home/agent/workspace && git status --short')
Bash(/bin/bash -lc "cd /home/agent/workspace && sed -n '1,320p' supabase/tests/issue_23_canonical_companies_securities_master_seed.sql")
Bash(/bin/bash -lc "cd /home/agent/workspace && sed -n '1,320p' supabase/migrations/20260510143000_issue_23_canonical_companies_securities_master_seed.sql")
I’ve completed the initial implementation and reviewed the SQL. I’m now running repo-required checks (`npm run typecheck`, `npm run test`) to validate and capture any environment blockers before committing.
Bash(/bin/bash -lc 'cd /home/agent/workspace && npm run typecheck')
Bash(/bin/bash -lc 'cd /home/agent/workspace && npm run test')
Package checks are still running and downloading workspace dependencies; once both commands complete I’ll capture pass/fail status and any DB-runtime blockers, then finalize commit.
`npm run test` finished and failed only at `supabase test db` because no local Postgres/Supabase instance is running at `127.0.0.1:54322` (connection refused). I’m waiting on `npm run typecheck` to finish, then I’ll patch any issues and commit.
Bash(/bin/bash -lc 'cd /home/agent/workspace && git status --short')
Bash(/bin/bash -lc 'cd /home/agent/workspace && git add supabase/migrations/20260510143000_issue_23_canonical_companies_securities_master_seed.sql supabase/tests/issue_23_canonical_companies_securities_master_seed.sql && git commit -m "RALPH: complete issue #23 canonical companies/securities + nightly master seeder (PRD AD-8)

Task completed + PRD reference:
- Implemented issue #23 aligned to docs/PRD.md AD-8 canonical entities (companies + securities) with nightly master-list refresh via pg_cron.

Key decisions made:
- Added canonical public.securities schema with ISIN uniqueness, NSE/BSE alias columns, and partial unique index one_primary_per_company.
- Implemented Postgres seeder function refresh_canonical_companies_securities_master() that ingests NSE EQUITY_L.csv and BSE master CSV, upserts companies/securities, and deterministically assigns is_primary by exchange precedence (NSE before BSE).
- Seeded once in migration at deploy and scheduled nightly refresh job via cron.schedule.
- Kept companies/securities as global reference tables with no RLS and explicit public read grants.

Files changed:
- supabase/migrations/20260510143000_issue_23_canonical_companies_securities_master_seed.sql
- supabase/tests/issue_23_canonical_companies_securities_master_seed.sql

Blockers or notes for next iteration:
- npm run typecheck passes.
- npm run test fails in this environment because local Supabase/Postgres is not running at 127.0.0.1:54322, so DB tests could not execute end-to-end here."')
Bash(/bin/bash -lc 'cd /home/agent/workspace && git status --short && git log -1 --oneline')
Implemented issue `#23` on branch `sandcastle/issue-23-canonical-companies-securities-nightly-master-csv-seeder` and committed as `2efb6fd`.

Changes made:
- Added migration [20260510143000_issue_23_canonical_companies_securities_master_seed.sql](/home/agent/workspace/supabase/migrations/20260510143000_issue_23_canonical_companies_securities_master_seed.sql)
- Added DB test [issue_23_canonical_companies_securities_master_seed.sql](/home/agent/workspace/supabase/tests/issue_23_canonical_companies_securities_master_seed.sql)

What’s implemented (per acceptance criteria):
- `public.securities` schema per AD-8 with `isin` unique and partial unique index `one_primary_per_company` on `is_primary=true`.
- Nightly `pg_cron` job (`refresh_canonical_companies_securities_master`) to refresh NSE/BSE master feeds.
- First-deploy seed executed in migration via `select public.refresh_canonical_companies_securities_master();`.
- Deterministic `is_primary` assignment by exchange precedence (NSE before BSE).
- `companies` and `securities` set as global reference tables (RLS disabled, public read grants to `anon`/`authenticated`).

Validation run:
- `npm run typecheck` passed.
- `npm run test` failed only because local Supabase/Postgres was unavailable at `127.0.0.1:54322` (connection refused), so DB tests could not run end-to-end in this environment.

<promise>COMPLETE</promise>
Agent stopped
Collecting commits
Collecting commits done (0.0s)
Agent signaled completion after 1 iteration(s).
Run complete: agent finished after 1 iteration(s).
