
--- Run started: 2026-05-10T06:43:14.046Z ---
Sandcastle Run
  Agent: implementer-35
  Sandbox: docker
  Max iterations: 100
  Branch: sandcastle/issue-35-audit-query-ui-cost-per-tier-dashboard
Iteration 1/100
Setting up sandbox
  test -f package.json && npm install || echo 'no package.json yet, skipping install'
Setting up sandbox done (2.1s)
Expanding shell expressions
  git log -n 10 --format="%H%n%ad%n%B---" --date=short → ~2340 tokens
Expanding shell expressions done (0.0s)
Agent started
I’m implementing issue `#35` on branch `sandcastle/issue-35-audit-query-ui-cost-per-tier-dashboard` and will first read the repo conventions plus the issue and PRD contracts (`gh issue view 35 --comments`, `gh issue view 1 --comments`, `docs/PRD.md`) before making any code changes.
Bash(/bin/bash -lc 'cd /home/agent/workspace && git status --short --branch')
I confirmed we’re already on the target branch. Next I’m pulling the issue contracts and core docs in parallel, then I’ll extract exact acceptance criteria into a checklist before touching code.
Bash(/bin/bash -lc 'cd /home/agent/workspace && cat AGENTS.md')
Bash(/bin/bash -lc 'cd /home/agent/workspace && gh issue view 1 --comments')
Bash(/bin/bash -lc 'cd /home/agent/workspace && gh issue view 35 --comments')
The `gh issue view` commands returned no visible content, so I’m re-running with explicit JSON fields to reliably fetch the body/comments text.
Bash(/bin/bash -lc 'cd /home/agent/workspace && gh issue view 1 --json number,title,body,comments,author,url')
Bash(/bin/bash -lc 'cd /home/agent/workspace && gh issue view 35 --json number,title,body,comments,author,url')
I’ve pulled issue `#35` and parent context; next I’m reading `docs/PRD.md` plus the existing audit-related code/tests to map exactly where to implement the required UI and queries without touching adjacent features.
Bash(/bin/bash -lc "cd /home/agent/workspace && sed -n '1,260p' docs/PRD.md")
Bash(/bin/bash -lc 'cd /home/agent/workspace && rg -n "audit_events|citation_verification_failed|project_id|org_type|cost" -S')
Bash(/bin/bash -lc 'cd /home/agent/workspace && rg --files | rg "web/|supabase/functions|supabase/tests|migrations"')
`rg` isn’t available in this environment, so I’m switching to `grep`/`find` to locate the audit dashboard/UI code paths and related tests.
Bash(/bin/bash -lc 'cd /home/agent/workspace && find . -maxdepth 4 -type f | head -n 400')
Bash(/bin/bash -lc "cd /home/agent/workspace && grep -RIn \"audit_events\\|citation_verification_failed\\|project_id\\|org_type\\|cost\" web supabase docs --exclude-dir=node_modules --exclude-dir=.next --exclude-dir=.git | head -n 400")
I located the likely touch points (`web/app/page.tsx`, `web/app/agency-dashboard.tsx`, and audit-related migrations/functions). I’m now reading those files and current tests to design the smallest change set that exactly matches issue `#35`.
Bash(/bin/bash -lc "cd /home/agent/workspace && sed -n '1,340p' web/app/agency-dashboard.tsx")
Bash(/bin/bash -lc "cd /home/agent/workspace && sed -n '1,260p' web/app/page.tsx")
Bash(/bin/bash -lc "cd /home/agent/workspace && sed -n '1,260p' web/app/report-panel.tsx")
Bash(/bin/bash -lc "cd /home/agent/workspace && sed -n '260,620p' web/app/report-panel.tsx")
I’ve identified the main UI surfaces. Next I’m reading the schema/migrations and existing tests around `audit_events` access so I can implement the dashboard queries with correct role visibility and filters.
Bash(/bin/bash -lc "cd /home/agent/workspace && sed -n '1,280p' supabase/migrations/20260509233000_issue_33_agency_projects_reports_cache_bypass.sql")
Bash(/bin/bash -lc "cd /home/agent/workspace && sed -n '1,260p' supabase/migrations/20260509215500_issue_21_foundation_auth_tenancy.sql")
Bash(/bin/bash -lc 'cd /home/agent/workspace && find supabase/functions -maxdepth 2 -type f | sort')
Bash(/bin/bash -lc 'cd /home/agent/workspace && grep -RIn "audit" supabase/functions web docs --exclude-dir=node_modules --exclude-dir=.next --exclude-dir=.git | head -n 300')
Bash(/bin/bash -lc "cd /home/agent/workspace && sed -n '500,760p' docs/PRD.md")
Bash(/bin/bash -lc "cd /home/agent/workspace && sed -n '1,260p' supabase/functions/me/index.ts")
Bash(/bin/bash -lc "cd /home/agent/workspace && sed -n '1,280p' supabase/functions/orgs/index.ts")
Bash(/bin/bash -lc "cd /home/agent/workspace && grep -RIn \"platform admin\\|platform_admin\\|is_admin\\|operator\\|org admin\\|org_members.*role\\|role === 'admin'\" supabase web --exclude-dir=node_modules --exclude-dir=.next --exclude-dir=.git | head -n 400")
Bash(/bin/bash -lc "cd /home/agent/workspace && grep -RIn \"platform\\|operator\\|admin only\\|ops\" docs supabase web --exclude-dir=node_modules --exclude-dir=.next --exclude-dir=.git | head -n 300")
I don’t see an existing platform-admin model in schema/code, so I’m checking environment/config patterns next; if none exist, I’ll add a minimal explicit allowlist mechanism for operator-only cost view and keep org/project logs admin-gated by membership role.
Bash(/bin/bash -lc "cd /home/agent/workspace && sed -n '1,260p' web/lib/supabase/server.ts")
Bash(/bin/bash -lc "cd /home/agent/workspace && sed -n '1,220p' web/lib/supabase/env.ts")
Bash(/bin/bash -lc 'cd /home/agent/workspace && cat web/package.json')
Bash(/bin/bash -lc 'cd /home/agent/workspace && cat package.json')
Bash(/bin/bash -lc 'cd /home/agent/workspace && cat supabase/package.json')
Bash(/bin/bash -lc "cd /home/agent/workspace && sed -n '1,220p' docs/agents/issue-tracker.md")
Bash(/bin/bash -lc "cd /home/agent/workspace && sed -n '1,220p' docs/agents/triage-labels.md")
Bash(/bin/bash -lc "cd /home/agent/workspace && sed -n '1,220p' docs/agents/domain.md")
I also need to comply with repo domain-doc conventions, so I’m quickly pulling `CONTEXT.md` and relevant ADRs before I finalize the implementation plan.
Bash(/bin/bash -lc "cd /home/agent/workspace && sed -n '1,260p' CONTEXT.md")
Bash(/bin/bash -lc 'cd /home/agent/workspace && find docs/adr -maxdepth 1 -type f | sort')
Bash(/bin/bash -lc 'cd /home/agent/workspace && for f in $(find docs/adr -maxdepth 1 -type f | sort); do echo "===== $f"; sed -n '"'1,220p' \""'$f"; done')
Bash(/bin/bash -lc 'cd /home/agent/workspace && find supabase/tests -maxdepth 1 -type f | sort')
Bash(/bin/bash -lc "cd /home/agent/workspace && sed -n '1,280p' supabase/tests/issue_21_auth_tenancy.sql")
Bash(/bin/bash -lc "cd /home/agent/workspace && sed -n '1,360p' supabase/tests/issue_33_agency_projects_cache_bypass.sql")
I’m now mapping exact `audit_events.payload` shapes from `reports`, `job-runner`, and ingestion code so the UI queries can reliably show timestamps, source URLs, and costs for each required view.
Bash(/bin/bash -lc "cd /home/agent/workspace && sed -n '220,420p' supabase/functions/reports/index.ts")
Bash(/bin/bash -lc "cd /home/agent/workspace && sed -n '1,320p' supabase/functions/_shared/source-ingestor.ts")
Bash(/bin/bash -lc "cd /home/agent/workspace && sed -n '150,390p' supabase/functions/job-runner/index.ts")
Bash(/bin/bash -lc "cd /home/agent/workspace && sed -n '1,240p' supabase/functions/_shared/document-cache.ts")
Bash(/bin/bash -lc "cd /home/agent/workspace && sed -n '420,620p' supabase/functions/reports/index.ts")
Bash(/bin/bash -lc "cd /home/agent/workspace && sed -n '1,280p' supabase/functions/_shared/supabase.ts")
Bash(/bin/bash -lc "cd /home/agent/workspace && grep -RIn \"alter table public.organizations enable row level security\\|create policy .*organizations\" supabase/migrations | head -n 200")
Bash(/bin/bash -lc "cd /home/agent/workspace && sed -n '1,240p' supabase/migrations/20260509234000_issue_22_multi_org_active_org_switch.sql")
I now have enough context to implement directly against issue `#35` and PRD constraints. I’ll proceed in this order:

1. Add a failing DB test for the new audit query contract:
- Platform-admin-only cost dashboard grouped by `agent_id`, `org_type`, day.
- Org-admin-only per-org/per-project audit log visibility.
- `citation_verification_failed` rows surfaced for review queue data.

2. Add migration changes to make that test pass:
- SQL helper for platform-admin claim.
- RPCs for operator dashboard and org/project audit log queries with explicit auth checks.

3. Wire the web UI:
- Server-side fetch of those RPCs in `web/app/page.tsx`.
- Render operator cost dashboard, org audit log, project audit log, and flagged review queue in `web/app/agency-dashboard.tsx` (admin-gated).

4. Run `npm run typecheck` and `npm run test`, then commit with the required `RALPH:` message format.
I’m writing the RED test now in `supabase/tests` to lock the required auth boundaries and query shapes before implementing the migration/UI.
Bash(/bin/bash -lc "cd /home/agent/workspace && cat > supabase/tests/issue_35_audit_query_ui_cost_dashboard.sql <<'SQL'
begin;

do "'$$
declare
  user_admin uuid := '"'00000000-0000-0000-0000-000000000351';
  user_viewer uuid := '00000000-0000-0000-0000-000000000352';
  user_other uuid := '00000000-0000-0000-0000-000000000353';
  org_admin uuid;
  org_other uuid;
  project_a uuid;
  can_view boolean := false;
  can_view_cost boolean := false;
  org_rows int;
  project_rows int;
  flagged_rows int;
  operator_rows int;
  operator_cost numeric;
begin
  delete from auth.users where id in (user_admin, user_viewer, user_other);

  insert into auth.users (
    id,
    aud,
    role,
    email,
    encrypted_password,
    email_confirmed_at,
    raw_app_meta_data,
    raw_user_meta_data,
    created_at,
    updated_at
  )
  values
    (
      user_admin,
      'authenticated',
      'authenticated',
      'issue35-admin@example.com',
      crypt('password', gen_salt('bf')),
      now(),
      '{}'::jsonb,
      '{\"full_name\":\"Issue 35 Admin\"}'::jsonb,
      now(),
      now()
    ),
    (
      user_viewer,
      'authenticated',
      'authenticated',
      'issue35-viewer@example.com',
      crypt('password', gen_salt('bf')),
      now(),
      '{}'::jsonb,
      '{\"full_name\":\"Issue 35 Viewer\"}'::jsonb,
      now(),
      now()
    ),
    (
      user_other,
      'authenticated',
      'authenticated',
      'issue35-other@example.com',
      crypt('password', gen_salt('bf')),
      now(),
      '{}'::jsonb,
      '{\"full_name\":\"Issue 35 Other\"}'::jsonb,
      now(),
      now()
    );

  select personal_org_id into org_admin from public.user_profiles where user_id = user_admin;
  select personal_org_id into org_other from public.user_profiles where user_id = user_other;

  insert into public.org_members (org_id, user_id, role)
  values (org_admin, user_viewer, 'viewer')
  on conflict (org_id, user_id) do update set role = excluded.role;

  insert into public.projects (org_id, client_name, client_slug, created_by)
  values (org_admin, 'Issue 35 Client', 'issue-35-client', user_admin)
  returning id into project_a;

  insert into public.audit_events (org_id, project_id, actor_id, kind, payload)
  values
    (
      org_admin,
      null,
      user_admin,
      'scrape',
      jsonb_build_object(
        'source_url',
        'https://example.com/source-a',
        'cost',
        1.25,
        'report_type',
        'due_diligence'
      )
    ),
    (
      org_admin,
      project_a,
      user_admin,
      'agent_run',
      jsonb_build_object(
        'agent_id',
        'due-diligence-analyst',
        'cost',
        2.5,
        'report_type',
        'due_diligence'
      )
    ),
    (
      org_admin,
      project_a,
      user_admin,
      'citation_verification_failed',
      jsonb_build_object(
        'claim_id',
        'claim-35-1',
        'source_document_id',
        '11111111-1111-1111-1111-111111111111',
        'quote',
        'mismatch quote'
      )
    ),
    (
      org_other,
      null,
      user_other,
      'agent_run',
      jsonb_build_object(
        'agent_id',
        'earnings-reviewer',
        'cost',
        9.0,
        'report_type',
        'earnings_summary'
      )
    );

  execute 'set local role authenticated';

  perform set_config('request.jwt.claim.sub', user_admin::text, true);
  perform set_config(
    'request.jwt.claims',
    json_build_object('app_metadata', json_build_object('active_org_id', org_admin::text))::text,
    true
  );

  select count(*)::int into org_rows
  from public.get_org_audit_log(null, 100);

  if org_rows <> 3 then
    raise exception 'expected 3 org-scoped audit rows, got %', org_rows;
  end if;

  select count(*)::int into project_rows
  from public.get_org_audit_log(project_a, 100);

  if project_rows <> 2 then
    raise exception 'expected 2 project-scoped rows, got %', project_rows;
  end if;

  select count(*)::int into flagged_rows
  from public.get_org_audit_log(project_a, 100)
  where kind = 'citation_verification_failed';

  if flagged_rows <> 1 then
    raise exception 'expected 1 citation_verification_failed row for review queue, got %', flagged_rows;
  end if;

  perform set_config('request.jwt.claim.sub', user_viewer::text, true);
  perform set_config(
    'request.jwt.claims',
    json_build_object('app_metadata', json_build_object('active_org_id', org_admin::text))::text,
    true
  );

  begin
    perform * from public.get_org_audit_log(null, 10);
    can_view := true;
  exception
    when others then
      can_view := false;
  end;

  if can_view then
    raise exception 'expected viewer role to be blocked from org audit log';
  end if;

  perform set_config('request.jwt.claim.sub', user_admin::text, true);
  perform set_config(
    'request.jwt.claims',
    json_build_object('app_metadata', json_build_object('active_org_id', org_admin::text))::text,
    true
  );

  begin
    perform * from public.get_internal_cost_dashboard(30);
    can_view_cost := true;
  exception
    when others then
      can_view_cost := false;
  end;

  if can_view_cost then
    raise exception 'expected non-platform-admin to be blocked from internal cost dashboard';
  end if;

  perform set_config(
    'request.jwt.claims',
    json_build_object(
      'app_metadata',
      json_build_object(
        'active_org_id',
        org_admin::text,
        'platform_admin',
        true
      )
    )::text,
    true
  );

  select count(*)::int, coalesce(sum(total_cost), 0)::numeric
  into operator_rows, operator_cost
  from public.get_internal_cost_dashboard(30);

  if operator_rows <> 2 then
    raise exception 'expected 2 grouped operator rows across org types, got %', operator_rows;
  end if;

  if operator_cost <> 11.5::numeric then
    raise exception 'expected grouped operator total cost 11.5, got %', operator_cost;
  end if;

  reset role;
end;
"'$$;

rollback;
SQL')
Bash(/bin/bash -lc 'cd /home/agent/workspace && corepack pnpm --filter supabase run test:db')
The new DB test file is in place. I kicked off `supabase` DB tests to confirm RED behavior, and I’m waiting for that run to finish (it’s currently still installing dependencies in this environment).
I’m moving to GREEN now: adding a migration with explicit RPC contracts for operator cost aggregation and org/project admin audit queries, including platform-admin and org-admin guards.
Bash(/bin/bash -lc "cd /home/agent/workspace && cat > supabase/migrations/20260510235500_issue_35_audit_query_ui_cost_dashboard.sql <<'SQL'
create or replace function public.is_platform_admin()
returns boolean
language sql
stable
as "'$$
  select case lower(coalesce(auth.jwt() -> '"'app_metadata' ->> 'platform_admin', 'false'))
    when 'true' then true
    else false
  end
"'$$;

create or replace function public.get_org_audit_log(
  p_project_id uuid default null,
  p_limit integer default 100
)
returns table (
  id uuid,
  created_at timestamptz,
  kind text,
  project_id uuid,
  source_url text,
  cost numeric,
  agent_id text,
  report_type text,
  flagged_for_review boolean
)
language plpgsql
security definer
set search_path = public
as $$
declare
  active_org_id uuid;
  is_admin boolean;
  safe_limit integer := least(greatest(coalesce(p_limit, 100), 1), 500);
begin
  if auth.uid() is null then
    raise exception '"'authentication required';
  end if;

  active_org_id := public.current_active_org();
  if active_org_id is null then
    raise exception 'active organization membership required';
  end if;

  select exists (
    select 1
    from public.org_members
    where org_id = active_org_id
      and user_id = auth.uid()
      and role = 'admin'
  )
  into is_admin;

  if not is_admin then
    raise exception 'organization admin role required';
  end if;

  if p_project_id is not null
    and not exists (
      select 1
      from public.projects
      where id = p_project_id
        and org_id = active_org_id
    ) then
    raise exception 'project_id must belong to active organization';
  end if;

  return query
  select
    ae.id,
    ae.created_at,
    ae.kind,
    ae.project_id,
    nullif(ae.payload ->> 'source_url', '') as source_url,
    case
      when jsonb_typeof(ae.payload -> 'cost') = 'number' then (ae.payload ->> 'cost')::numeric
      else null
    end as cost,
    nullif(ae.payload ->> 'agent_id', '') as agent_id,
    nullif(ae.payload ->> 'report_type', '') as report_type,
    ae.kind = 'citation_verification_failed' as flagged_for_review
  from public.audit_events ae
  where ae.org_id = active_org_id
    and (p_project_id is null or ae.project_id = p_project_id)
    and ae.kind in ('scrape', 'agent_run', 'composition_cache_hit', 'citation_verification_failed')
  order by ae.created_at desc
  limit safe_limit;
end;
"'$$;

create or replace function public.get_internal_cost_dashboard(
  p_days integer default 14
)
returns table (
  day date,
  agent_id text,
  org_type text,
  total_cost numeric,
  run_count bigint
)
language plpgsql
security definer
set search_path = public
as $$
declare
  safe_days integer := greatest(coalesce(p_days, 14), 1);
begin
  if auth.uid() is null then
    raise exception '"'authentication required';
  end if;

  if not public.is_platform_admin() then
    raise exception 'platform admin required';
  end if;

  return query
  select
    (ae.created_at at time zone 'utc')::date as day,
    coalesce(nullif(ae.payload ->> 'agent_id', ''), 'unknown') as agent_id,
    orgs.org_type,
    coalesce(
      sum(
        case
          when jsonb_typeof(ae.payload -> 'cost') = 'number' then (ae.payload ->> 'cost')::numeric
          else 0::numeric
        end
      ),
      0::numeric
    ) as total_cost,
    count(*)::bigint as run_count
  from public.audit_events ae
  join public.organizations orgs on orgs.id = ae.org_id
  where ae.kind = 'agent_run'
    and ae.created_at >= now() - make_interval(days => safe_days)
  group by (ae.created_at at time zone 'utc')::date, coalesce(nullif(ae.payload ->> 'agent_id', ''), 'unknown'), orgs.org_type
  order by day desc, total_cost desc, agent_id asc;
end;
"'$$;

grant execute on function public.get_org_audit_log(uuid, integer) to authenticated;
revoke execute on function public.get_org_audit_log(uuid, integer) from anon, public;

grant execute on function public.get_internal_cost_dashboard(integer) to authenticated;
revoke execute on function public.get_internal_cost_dashboard(integer) from anon, public;
SQL')
The SQL contract is in place. Next I’m wiring server-side RPC reads in `web/app/page.tsx` and rendering the new operator/admin audit panels in `web/app/agency-dashboard.tsx`.
I’m editing the dashboard component now to surface the three required views from those RPC results: operator cost-per-tier, org admin audit trail, and project-scoped audit trail plus flagged citation-review queue.
Bash(/bin/bash -lc 'cd /home/agent/workspace && git diff -- supabase/migrations/20260510235500_issue_35_audit_query_ui_cost_dashboard.sql supabase/tests/issue_35_audit_query_ui_cost_dashboard.sql web/app/page.tsx web/app/agency-dashboard.tsx')
Bash(/bin/bash -lc "cd /home/agent/workspace && sed -n '1,260p' web/app/page.tsx")
Bash(/bin/bash -lc "cd /home/agent/workspace && sed -n '1,420p' web/app/agency-dashboard.tsx")
Bash(/bin/bash -lc "cd /home/agent/workspace && sed -n '1,320p' supabase/migrations/20260510235500_issue_35_audit_query_ui_cost_dashboard.sql")
Bash(/bin/bash -lc "cd /home/agent/workspace && sed -n '1,360p' supabase/tests/issue_35_audit_query_ui_cost_dashboard.sql")
I’m done with implementation and moving through the required feedback loop now: `npm run typecheck` and `npm run test` from repo root.
Bash(/bin/bash -lc 'cd /home/agent/workspace && npm run typecheck')
Bash(/bin/bash -lc 'cd /home/agent/workspace && npm run test')
Typecheck is clean. Test run passed all unit tests and failed only at `supabase test:db` because local Postgres/Supabase isn’t running on `127.0.0.1:54322`, which is an existing environment limitation. I’m now preparing the commit.
Bash(/bin/bash -lc 'cd /home/agent/workspace && git status --short')
Bash(/bin/bash -lc "cd /home/agent/workspace && git add web/app/page.tsx web/app/agency-dashboard.tsx supabase/migrations/20260510235500_issue_35_audit_query_ui_cost_dashboard.sql supabase/tests/issue_35_audit_query_ui_cost_dashboard.sql && git commit -m \"RALPH: complete issue #35 Audit query UI + cost-per-tier dashboard (PRD AD-10/AD-11)\" -m \"Task completed + PRD reference:\\n- Implemented issue #35 audit query surfaces aligned to docs/PRD.md AD-10 (project-scoped audit visibility) and AD-11 (citation verification review queue), plus operator cost observability from audit_events.\\n\\nKey decisions made:\\n- Added security-definer RPCs with explicit auth guards: org-admin-only org/project audit log and platform-admin-only internal cost dashboard grouped by day/agent_id/org_type.\\n- Added JWT app_metadata helper (platform_admin) for operator gating without changing tenancy ownership model.\\n- Wired web dashboard SSR to fetch and render operator cost table, org audit trail, project-filtered audit trail, and citation_verification_failed review queues.\\n\\nFiles changed:\\n- supabase/migrations/20260510235500_issue_35_audit_query_ui_cost_dashboard.sql\\n- supabase/tests/issue_35_audit_query_ui_cost_dashboard.sql\\n- web/app/page.tsx\\n- web/app/agency-dashboard.tsx\\n\\nBlockers or notes for next iteration:\\n- npm run typecheck passes.\\n- npm run test: unit tests pass; DB tests fail in this environment because local Supabase/Postgres is not running at 127.0.0.1:54322.\\n- Manual demo remains required with a live local stack to validate end-to-end operator/admin views against real report runs.\"")
Bash(/bin/bash -lc 'cd /home/agent/workspace && git status --short --branch')
<promise>COMPLETE</promise>
Agent stopped
Collecting commits
Collecting commits done (0.0s)
Agent signaled completion after 1 iteration(s).
Run complete: agent finished after 1 iteration(s).

--- Run started: 2026-05-10T07:04:28.644Z ---
Sandcastle Run
  Agent: implementer-35
  Sandbox: docker
  Max iterations: 100
  Branch: sandcastle/issue-35-audit-query-ui-cost-per-tier-dashboard
Iteration 1/100
Setting up sandbox
  test -f package.json && npm install || echo 'no package.json yet, skipping install'
Setting up sandbox done (2.0s)
Expanding shell expressions
  git log -n 10 --format="%H%n%ad%n%B---" --date=short → ~2305 tokens
Expanding shell expressions done (0.0s)
Agent started
I’m going to verify the current repo state and contract first: read `AGENTS.md`, pull issue `#35` and parent `#1` with comments, then compare required acceptance criteria against current code/tests before making any edits.
Bash(/bin/bash -lc 'cat AGENTS.md')
Bash(/bin/bash -lc 'pwd && git status --short --branch && ls -la')
I confirmed we’re already on the required branch and the tree is clean. Next I’m pulling issue `#35`, parent issue `#1`, and `docs/PRD.md` to map the exact contract before touching code.
Bash(/bin/bash -lc 'cat docs/PRD.md')
Bash(/bin/bash -lc 'gh issue view 35 --comments')
Bash(/bin/bash -lc 'gh issue view 1 --comments')
`docs/PRD.md` is available and confirms the AD-10/AD-11 scope, but `gh issue view` returned no body text in this shell call. I’m re-running with pager disabled so we can reliably capture issue `#35` and parent `#1` contracts.
Bash(/bin/bash -lc 'GH_PAGER=cat gh issue view 35 --comments --json number,title,body,comments,author,labels,state,url')
Bash(/bin/bash -lc 'GH_PAGER=cat gh issue view 1 --comments --json number,title,body,comments,author,labels,state,url')
I’ve captured the authoritative issue contract. Next I’m auditing current implementation and tests (`migration`, `supabase/tests`, and web dashboard files) against those acceptance bullets to confirm any gaps, then I’ll apply focused fixes only if needed.
Bash(/bin/bash -lc 'git log --oneline --decorate -n 6')
Bash(/bin/bash -lc "rg --files supabase/migrations supabase/tests web/app | rg 'issue_35|agency-dashboard|page\\.tsx'")
Bash(/bin/bash -lc 'ls -la supabase/migrations | tail -n 8 && ls -la supabase/tests | tail -n 8')
I found the branch already contains a prior issue-35 commit at `HEAD`. I’m now doing a strict acceptance audit of the actual migration/tests/UI files and then I’ll run the required test commands to verify whether any additional changes are needed.
Bash(/bin/bash -lc "sed -n '1,260p' supabase/migrations/20260510235500_issue_35_audit_query_ui_cost_dashboard.sql")
Bash(/bin/bash -lc "sed -n '1,260p' web/app/page.tsx")
Bash(/bin/bash -lc "sed -n '1,320p' supabase/tests/issue_35_audit_query_ui_cost_dashboard.sql")
Bash(/bin/bash -lc "sed -n '1,320p' web/app/agency-dashboard.tsx")
Bash(/bin/bash -lc "sed -n '320,520p' web/app/agency-dashboard.tsx")
I finished the acceptance check: the existing code on this branch already maps to all four build criteria, with manual demo being the only environment-dependent item. I’ll now run the required `npm run typecheck` and `npm run test` to verify status before deciding whether any patch is still needed.
Bash(/bin/bash -lc 'npm run test')
Bash(/bin/bash -lc 'npm run typecheck')
Both commands are still running because the workspace is reinstalling packages while executing scripts. I’m polling until each finishes and then I’ll capture exact pass/fail results.
Agent idle for 1 minute
Typecheck passed; tests ran with unit suites passing and DB tests failing due no local Supabase/Postgres at `127.0.0.1:54322` (expected environment blocker). I’ll now verify git status and determine whether any code changes are required for this issue or whether it is already complete on this branch.
Bash(/bin/bash -lc 'git status --short --branch')
I found a concrete gap in test coverage: the issue-35 DB test does not actually exercise multiple `org_type` tiers, so it doesn’t prove the cost split-by-tier behavior in the acceptance criteria. I’m going to add a focused RED/GREEN test update for that and then re-run checks.
Bash(/bin/bash -lc "grep -R \"create table.*organizations\" -n supabase/migrations/*.sql && sed -n '1,260p' supabase/migrations/20260510123000_issue_22_tenancy_foundation.sql")
Bash(/bin/bash -lc "sed -n '1,260p' supabase/migrations/20260509215500_issue_21_foundation_auth_tenancy.sql")
Bash(/bin/bash -lc "grep -R \"create or replace function public.create_organization\" -n supabase/migrations supabase/tests && sed -n '1,240p' supabase/migrations/20260510153000_issue_24_org_creation_tier_upgrade.sql")
Bash(/bin/bash -lc "sed -n '1,240p' supabase/migrations/20260509233000_issue_33_agency_projects_reports_cache_bypass.sql")
I’m making a single targeted test edit in `supabase/tests/issue_35_audit_query_ui_cost_dashboard.sql` to explicitly include a non-personal org (`b2b`) and assert the internal dashboard truly splits costs by `org_type` as required.
The test patch is in place. I’m re-running `npm run typecheck` and `npm run test` as required; unit/typecheck should pass, and DB tests are expected to remain blocked without a local Supabase instance.
Bash(/bin/bash -lc 'npm run typecheck')
Bash(/bin/bash -lc 'npm run test')
Bash(/bin/bash -lc 'git status --short')
Bash(/bin/bash -lc 'git diff -- supabase/tests/issue_35_audit_query_ui_cost_dashboard.sql')
I identified and fixed one acceptance-risk gap (tier-split proof in DB coverage) and verified scripts again. I’m committing this test hardening now with the required commit message format.
Bash(/bin/bash -lc "git add supabase/tests/issue_35_audit_query_ui_cost_dashboard.sql && git commit -m \"RALPH: complete issue #35 Audit query UI + cost-per-tier dashboard (PRD AD-10/AD-11)\" -m \"Task completed + PRD reference:\\n- Hardened issue #35 acceptance coverage for AD-10/AD-11 by validating internal cost dashboard grouping across tier org types (not just agent_id/day).\\n\\nKey decisions made:\\n- Added explicit b2b org fixture and agent_run event to prove cost dashboard "'`org_type` split behavior.'"\\n- Kept implementation unchanged; focused on RED/GREEN test strengthening for the acceptance contract.\\n\\nFiles changed:\\n- supabase/tests/issue_35_audit_query_ui_cost_dashboard.sql\\n\\nBlockers or notes for next iteration:\\n- npm run typecheck passes.\\n- npm run test: unit tests pass; DB tests fail in this environment because local Supabase/Postgres is not running at 127.0.0.1:54322.\\n- Manual demo remains required with a live local stack to validate end-to-end operator/admin views across tiers.\"")
Bash(/bin/bash -lc 'git log -1 --pretty=full')
Bash(/bin/bash -lc 'git status --short --branch')
Implemented issue #35 on branch `sandcastle/issue-35-audit-query-ui-cost-per-tier-dashboard` by hardening acceptance coverage for the cost-per-tier requirement.

Changes made:
- Updated DB acceptance test to explicitly validate cross-tier grouping (`org_type`) in internal cost dashboard:
  - Added a `b2b` org fixture and `agent_run` audit event
  - Updated assertions for grouped row count and total cost
  - Added assertion that a `b2b` grouped row is present
- File: [supabase/tests/issue_35_audit_query_ui_cost_dashboard.sql](/home/agent/workspace/supabase/tests/issue_35_audit_query_ui_cost_dashboard.sql)

Validation run:
- `npm run typecheck` ✅ passed
- `npm run test` ⚠️ unit tests passed; DB tests failed due missing local Supabase/Postgres at `127.0.0.1:54322` in this environment

Commit:
- `b2aff3b947fddd5c3881c3bb915c01c9a690a8c5`

<promise>COMPLETE</promise>
Agent stopped
Collecting commits
Collecting commits done (0.0s)
Agent signaled completion after 1 iteration(s).
Run complete: agent finished after 1 iteration(s).
